ELF Header:
  Magic:   7f 45 4c 46 01 01 01 00 00 00 00 00 00 00 00 00 
  Class:                             ELF32
  Data:                              2's complement, little endian
  Version:                           1 (current)
  OS/ABI:                            UNIX - System V
  ABI Version:                       0
  Type:                              EXEC (Executable file)
  Machine:                           RISC-V
  Version:                           0x1
  Entry point address:               0x10000000
  Start of program headers:          52 (bytes into file)
  Start of section headers:          442216 (bytes into file)
  Flags:                             0x9, RVC, RVE, soft-float ABI
  Size of this header:               52 (bytes)
  Size of program headers:           32 (bytes)
  Number of program headers:         4
  Size of section headers:           40 (bytes)
  Number of section headers:         24
  Section header string table index: 23

Section Headers:
  [Nr] Name              Type            Addr     Off    Size   ES Flg Lk Inf Al
  [ 0]                   NULL            00000000 000000 000000 00      0   0  0
  [ 1] .text             PROGBITS        10000000 001000 00462c 00  AX  0   0 64
  [ 2] .copy.table       PROGBITS        1000462c 00562c 00000c 00  WA  0   0  1
  [ 3] .zero.table       PROGBITS        10004638 005638 000008 00  WA  0   0  1
  [ 4] .data             PROGBITS        20000a00 005a00 001b28 00 WAX  0   0 64
  [ 5] .bss              NOBITS          20002528 007528 000a4c 00  WA  0   0  8
  [ 6] .heap             PROGBITS        20002f74 007528 000000 00   W  0   0  1
  [ 7] .stack            PROGBITS        20003c00 007528 000400 00   W  0   0  1
  [ 8] .comment          PROGBITS        00000000 007928 000127 01  MS  0   0  1
  [ 9] .riscv.attributes RISCV_ATTRIBUTE 00000000 007a4f 000061 00      0   0  1
  [10] .debug_line       PROGBITS        00000000 007ab0 0124b4 00      0   0  1
  [11] .debug_info       PROGBITS        00000000 019f64 02f1d3 00      0   0  1
  [12] .debug_abbrev     PROGBITS        00000000 049137 005ded 00      0   0  1
  [13] .debug_aranges    PROGBITS        00000000 04ef28 000cd8 00      0   0  8
  [14] .debug_str        PROGBITS        00000000 04fc00 009923 01  MS  0   0  1
  [15] .debug_loclists   PROGBITS        00000000 059523 001a1d 00      0   0  1
  [16] .debug_rnglists   PROGBITS        00000000 05af40 0002ab 00      0   0  1
  [17] .debug_line_str   PROGBITS        00000000 05b1eb 0004a8 01  MS  0   0  1
  [18] .debug_frame      PROGBITS        00000000 05b694 001e2c 00      0   0  4
  [19] .debug_ranges     PROGBITS        00000000 05d4c0 001020 00      0   0  1
  [20] .debug_loc        PROGBITS        00000000 05e4e0 006553 00      0   0  1
  [21] .symtab           SYMTAB          00000000 064a34 003700 10     22 173  4
  [22] .strtab           STRTAB          00000000 068134 003d2f 00      0   0  1
  [23] .shstrtab         STRTAB          00000000 06be63 000102 00      0   0  1
Key to Flags:
  W (write), A (alloc), X (execute), M (merge), S (strings), I (info),
  L (link order), O (extra OS processing required), G (group), T (TLS),
  C (compressed), x (unknown), o (OS specific), E (exclude),
  D (mbind), p (processor specific)

Program Headers:
  Type           Offset   VirtAddr   PhysAddr   FileSiz MemSiz  Flg Align
  RISCV_ATTRIBUT 0x007a4f 0x00000000 0x00000000 0x00061 0x00000 R   0x1
  LOAD           0x001000 0x10000000 0x10000000 0x04640 0x04640 RWE 0x1000
  LOAD           0x005a00 0x20000a00 0x10004640 0x01b28 0x02574 RWE 0x1000
  GNU_STACK      0x000000 0x00000000 0x00000000 0x00000 0x00000 RW  0x10

 Section to Segment mapping:
  Segment Sections...
   00     .riscv.attributes 
   01     .text .copy.table .zero.table 
   02     .data .bss 
   03     
======================================================================
Archive member included to satisfy reference by file (symbol)

D:/AAwork_liuyuxiang/code/CP800X_SDKV1.0.7/SDK/sdk_CP800x_V108_20250627/sdk/components/libraries\libstartlib.a(E902_context_switch.o)
                              (--whole-archive)
D:/AAwork_liuyuxiang/code/CP800X_SDKV1.0.7/SDK/sdk_CP800x_V108_20250627/sdk/components/libraries\libstartlib.a(E902_crt0.o)
                              (--whole-archive)
D:/AAwork_liuyuxiang/code/CP800X_SDKV1.0.7/SDK/sdk_CP800x_V108_20250627/sdk/components/libraries\libstartlib.a(E902_startup.o)
                              (--whole-archive)
D:/AAwork_liuyuxiang/code/CP800X_SDKV1.0.7/SDK/sdk_CP800x_V108_20250627/sdk/components/libraries\libstartlib.a(E902_otp_cfg.o)
                              (--whole-archive)
D:/AAwork_liuyuxiang/code/CP800X_SDKV1.0.7/SDK/sdk_CP800x_V108_20250627/sdk/components/libraries/ble\libble.a(ble_t1001_it.o)
                              (--whole-archive)
[...]
Memory Configuration

Name             Origin             Length             Attributes
FLASH            0x10000000         0x00040000         xr
RAM              0x20000a00         0x00003600         xrw
*default*        0x00000000         0xffffffff

Linker script and memory map

LOAD Obj/BLE_peripheral_main.o
LOAD C:\Users\ADMINI~1\AppData\Local\Temp\ccrioyea.ltrans0.ltrans.o
LOAD Obj/BLE_peripheral_app_main.o
LOAD Obj/BLE_peripheral_app_isr.o
LOAD Obj/hal_clock_hal_clock.o
LOAD Obj/misc_log_dbg.o
LOAD Obj/driver_driver_clkcal.o
LOAD Obj/driver_driver_gpadc.o
LOAD Obj/driver_driver_gpio.o
LOAD Obj/driver_driver_iic.o
LOAD Obj/driver_driver_spim.o
LOAD Obj/driver_driver_spis.o
LOAD Obj/driver_driver_sys.o
LOAD Obj/driver_driver_timer.o
LOAD Obj/driver_driver_uart.o
LOAD Obj/driver_driver_wdt.o
LOAD Obj/driver_driver_flash.o
LOAD Obj/ota_service_ble_ota_service.o
LOAD Obj/service_ble_service.o
LOAD Obj/app_ble_app.o
LOAD D:/AAwork_liuyuxiang/code/CP800X_SDKV1.0.7/SDK/sdk_CP800x_V108_20250627/sdk/components/libraries\libstartlib.a
LOAD D:/AAwork_liuyuxiang/code/CP800X_SDKV1.0.7/SDK/sdk_CP800x_V108_20250627/sdk/components/libraries/ble\libble.a
LOAD D:/AAwork_liuyuxiang/code/CP800X_SDKV1.0.7/SDK/sdk_CP800x_V108_20250627/sdk/components/libraries/ble\libble_base.a
LOAD d:/C-Sky/CDKRepo/Toolchain/XTGccElfNewlib/V3.1.0/R/bin/../lib/gcc/riscv64-unknown-elf/14.1.1/rv32emc/ilp32e\libgcc.a
LOAD d:/C-Sky/CDKRepo/Toolchain/XTGccElfNewlib/V3.1.0/R/bin/../lib/gcc/riscv64-unknown-elf/14.1.1/../../../../riscv64-unknown-elf/lib/rv32emc/ilp32e\libc_nano.a
LOAD d:/C-Sky/CDKRepo/Toolchain/XTGccElfNewlib/V3.1.0/R/bin/../lib/gcc/riscv64-unknown-elf/14.1.1/rv32emc/ilp32e\libgcc.a
START GROUP
LOAD d:/C-Sky/CDKRepo/Toolchain/XTGccElfNewlib/V3.1.0/R/bin/../lib/gcc/riscv64-unknown-elf/14.1.1/rv32emc/ilp32e\libgcc.a
LOAD d:/C-Sky/CDKRepo/Toolchain/XTGccElfNewlib/V3.1.0/R/bin/../lib/gcc/riscv64-unknown-elf/14.1.1/../../../../riscv64-unknown-elf/lib/rv32emc/ilp32e\libc_nano.a
LOAD d:/C-Sky/CDKRepo/Toolchain/XTGccElfNewlib/V3.1.0/R/bin/../lib/gcc/riscv64-unknown-elf/14.1.1/../../../../riscv64-unknown-elf/lib/rv32emc/ilp32e\libgloss_nano.a
END GROUP
                0x10000000                        __FLASH_BASE = 0x10000000
                0x00040000                        __FLASH_SIZE = 0x40000
                0x20000a00                        __RAM_BASE = 0x20000a00
                0x00003600                        __RAM_SIZE = 0x3600
                0x00000400                        __STACK_SIZE = 0x400
                0x00000000                        __HEAP_SIZE = 0x0
                0x00002000                        otp_invalid_flag = 0x2000
                0x00002004                        xrand = 0x2004
                0x0000202a                        xsrand = 0x202a
                0x00002034                        aes_encrypt_ctrl = 0x2034
                0x0000203e                        aes_encrypt = 0x203e
                0x00002068                        aes_result = 0x2068
                0x00002096                        generate_mic = 0x2096
                0x000020f2                        ccm = 0x20f2
                0x00002118                        le_crypt = 0x2118
                0x000021b8                        bt_rand = 0x21b8
                0x000021c4                        bt_encrypt_le = 0x21c4
                0x000021e4                        bt_encrypt_be = 0x21e4
                0x00002204                        bt_encrypt_sk = 0x2204
                0x0000222c                        ll_init_reset = 0x222c
                0x0000224c                        ll_init = 0x224c
                0x00002280                        ll_reset = 0x2280
                0x000022ac                        ll_node_rx_process = 0x22ac
                0x000022c8                        rand_get = 0x22c8
                0x000022f0                        ll_node_rx_free_check = 0x22f0
                0x000022f2                        ll_node_rx_enqueue = 0x22f2
                0x0000231a                        ll_node_rx_get = 0x231a
                0x00002324                        ll_node_rx_dequeue = 0x2324
                0x00002348                        ll_polling_work = 0x2348
                0x00002384                        ll_msg_alloc = 0x2384
                0x000023a8                        ll_msg_common_send = 0x23a8
                0x000023d8                        ll_msg_send_empty_type = 0x23d8
                0x000023e6                        ll_msg_get = 0x23e6
                0x000023f0                        ll_msg_free = 0x23f0
                0x00002432                        ll_free_node_rx = 0x2432
                0x00002474                        ll_check_allow_sleep = 0x2474
                0x000024a4                        ll_addr_get = 0x24a4
                0x000024d4                        ll_addr_set = 0x24d4
                0x00002500                        ll_adv_params_set = 0x2500
                0x000025c4                        ll_adv_data_set = 0x25c4
                0x000025f0                        ll_adv_scan_rsp_set = 0x25f0
                0x00002632                        ll_adv_reset = 0x2632
                0x00002662                        ll_adv_init = 0x2662
                0x00002670                        isr_adv_scan_req_check = 0x2670
                0x000026a2                        isr_adv_send_scan_response = 0x26a2
                0x000026d4                        isr_adv_isr_handle_cb = 0x26d4
                0x00002758                        ll_adv_sched = 0x2758
                0x000027c8                        ll_adv_enable = 0x27c8
                0x00002896                        isr_adv_isr_break_cb = 0x2896
                0x000028a2                        isr_adv_isr_close_cb = 0x28a2
                0x000028ae                        isr_adv_send_timer_cb = 0x28ae
                0x0000296e                        length_eff_update = 0x296e
                0x00002a98                        ll_length_max_get = 0x2a98
                0x00002ab4                        ll_conn_reset = 0x2ab4
                0x00002b30                        ll_conn_init = 0x2b30
                0x00002b3e                        ll_length_default_get = 0x2b3e
                0x00002b58                        ll_length_default_set = 0x2b58
                0x00002b6c                        ll_conn_default_tx_octets_get = 0x2b6c
                0x00002b76                        ll_conn_default_tx_time_get = 0x2b76
                0x00002b80                        ll_conn_default_phy_tx_get = 0x2b80
                0x00002b8a                        ll_conn_default_phy_rx_get = 0x2b8a
                0x00002b94                        ll_conn_set_get = 0x2b94
                0x00002bb8                        ll_conn_handle_get = 0x2bb8
                0x00002bd0                        ll_conn_get_free = 0x2bd0
                0x00002c3e                        ll_conn_refresh_key_cnt = 0x2c3e
                0x00002c68                        ll_conn_alloc = 0x2c68
                0x00002d2e                        inc_ctr = 0x2d2e
                0x00002d42                        ll_phy_get = 0x2d42
                0x00002d88                        ll_phy_default_set = 0x2d88
                0x00002d9c                        ll_chm_get = 0x2d9c
                0x00002dd4                        ll_connect_disable = 0x2dd4
                0x00002de4                        ll_create_connection = 0x2de4
                0x00002f2e                        ll_conn_max_tx_octets_get = 0x2f2e
                0x00002f34                        ll_conn_check_allow_sleep = 0x2f34
                0x00002f90                        ll_conn_disconnected = 0x2f90
                0x0000300a                        ll_conn_get_slave_rx_window_widening = 0x300a
                0x00003072                        isr_conn_tx_process = 0x3072
                0x00003148                        isr_conn_rxok = 0x3148
                0x00003316                        isr_conn_isr_handle_cb = 0x3316
                0x000033a6                        isr_update_next_hop = 0x33a6
                0x00003436                        isr_conn_superto = 0x3436
                0x00003496                        isr_conn_calc_used_ch = 0x3496
                0x000034c6                        isr_conn_update_param = 0x34c6
                0x000035ec                        ll_check_busy_work = 0x35ec
                0x0000362e                        ll_conn_sched = 0x362e
                0x0000377a                        ll_conn_tx_enqueue = 0x377a
                0x00003846                        ll_tx_acl = 0x3846
                0x000038ac                        ll_process_tx_acl_buf = 0x38ac
                0x00003940                        ll_conn_process_tx_acl = 0x3940
                0x00003974                        ll_conn_tx_acl = 0x3974
                0x000039ca                        ll_conn_polling_work = 0x39ca
                0x00003a10                        ll_length_req_send = 0x3a10
                0x00003afe                        ll_phy_req_send = 0x3afe
                0x00003b84                        ll_feature_req_send = 0x3b84
                0x00003c04                        ll_terminate_ind_send = 0x3c04
                0x00003c5a                        ll_reject_ind_send = 0x3c5a
                0x00003d4e                        ll_version_ind_send = 0x3d4e
                0x00003e36                        ll_enc_req_send = 0x3e36
                0x00003eea                        ll_start_enc_req_send = 0x3eea
                0x00003f6c                        ll_conn_update = 0x3f6c
                0x000041a4                        ll_parse_ctrl = 0x41a4
                0x00004858                        ll_conn_process_rx_pdu = 0x4858
                0x0000492e                        isr_conn_isr_break_cb = 0x492e
                0x0000493c                        isr_conn_isr_close_cb = 0x493c
                0x0000494a                        isr_conn_slave_start_timer_cb = 0x494a
                0x00004a34                        isr_conn_master_start_timer_cb = 0x4a34
                0x00004afe                        ll_conn_start_with_adv = 0x4afe
                0x00004ba2                        ll_conn_start_with_send_connect_ind = 0x4ba2
                0x00004c4a                        ll_conn_is_connected = 0x4c4a
                0x00004c84                        ll_scan_is_disabled_get = 0x4c84
                0x00004c9c                        ll_scan_is_enabled = 0x4c9c
                0x00004cc6                        ll_scan_filter_pol_get = 0x4cc6
                0x00004cdc                        ll_scan_params_set_raw = 0x4cdc
                0x00004cf8                        ll_scan_params_set = 0x4cf8
                0x00004d2c                        ll_scan_stop = 0x4d2c
                0x00004d40                        ll_scan_reset = 0x4d40
                0x00004d70                        ll_scan_init = 0x4d70
                0x00004d7e                        isr_scan_send_scan_req = 0x4d7e
                0x00004dec                        isr_scan_send_connect_ind = 0x4dec
                0x00004e50                        isr_scan_cpy_adv_data = 0x4e50
                0x00004e90                        isr_scan_isr_handle_cb = 0x4e90
                0x00004ff8                        ll_scan_sched = 0x4ff8
                0x00005050                        ll_scan_enable = 0x5050
                0x00005110                        isr_scan_isr_break_cb = 0x5110
                0x0000511c                        isr_scan_isr_close_cb = 0x511c
                0x00005128                        isr_scan_start_timer_cb = 0x5128
                0x000051e2                        ll_sch_prepare = 0x51e2
                0x0000520a                        ll_sch_check_idle = 0x520a
                0x00005218                        ll_sch_release_work = 0x5218
                0x00005236                        RF_BT_DoneHandler = 0x5236
                0x00005298                        ll_sch_reset = 0x5298
                0x000052a4                        util_ones_count_get = 0x52a4
                0x000052d8                        util_aa_le32 = 0x52d8
                0x00005570                        mem_nz = 0x5570
                0x00005586                        find_lsb_set = 0x5586
                0x000055ac                        bt_adv_data_copy = 0x55ac
                0x00005626                        hci_send_cmd_le_set_adv_param = 0x5626
                0x00005692                        hci_send_cmd_le_set_adv_data = 0x5692
                0x000056bc                        hci_send_cmd_le_set_scan_rsp_data = 0x56bc
                0x000056e6                        hci_send_cmd_le_set_adv_enable = 0x56e6
                0x00005c6e                        att_info_get_by_conn = 0x5c6e
                0x00005cac                        att_info_get_free = 0x5cac
                0x00005ce4                        bt_att_connected = 0x5ce4
                0x00005d22                        att_send = 0x5d22
                0x00005db4                        bt_att_chan_send_rsp = 0x5db4
                0x00005e4a                        bt_att_create_pdu = 0x5e4a
                0x0000647c                        bt_att_req_alloc = 0x647c
                0x0000649e                        bt_att_req_free = 0x649e
                0x000064c0                        bt_att_disconnected = 0x64c0
                0x00006526                        att_handle_rsp = 0x6526
                0x00006586                        bt_att_req_send = 0x6586
                0x000065ba                        bt_att_send = 0x65ba
                0x0000661a                        bt_att_get_mtu = 0x661a
                0x00006632                        bt_att_encrypt_change = 0x6632
                0x000066ce                        bt_att_recv = 0x66ce
                0x0000679c                        bt_att_mtu_get = 0x679c
                0x00006850                        bt_conn_get_pkts = 0x6850
                0x00006866                        bt_conn_get_tx_pending = 0x6866
                0x0000686a                        bt_conn_create_pdu = 0x686a
                0x0000688a                        bt_conn_send = 0x688a
                0x000068ac                        bt_conn_connected = 0x68ac
                0x000068de                        bt_conn_discconnected = 0x68de
                0x00006934                        send_acl = 0x6934
                0x00006a7e                        bt_conn_reset_rx_state = 0x6a7e
                0x00006a9e                        bt_conn_recv = 0x6a9e
                0x00006b78                        bt_conn_new = 0x6b78
                0x00006ba8                        acl_conn_new = 0x6ba8
                0x00006bc4                        conn_lookup_handle = 0x6bc4
                0x00006bf4                        bt_conn_lookup_handle = 0x6bf4
                0x00006c12                        notify_le_param_updated = 0x6c12
                0x00006c3a                        notify_le_data_len_updated = 0x6c3a
                0x00006c5a                        notify_le_phy_updated = 0x6c5a
                0x00006c7a                        le_param_req = 0x6c7a
                0x00006cbe                        bt_conn_set_state = 0x6cbe
                0x00006ce8                        bt_conn_process_tx = 0x6ce8
                0x00006d24                        bt_conn_tx_polling = 0x6d24
                0x00006d64                        bt_conn_cb_register = 0x6d64
                0x00006d6e                        bt_conn_is_peer_addr_le = 0x6d6e
                0x00006dbe                        bt_conn_lookup_addr_le = 0x6dbe
                0x00006e18                        bt_conn_lookup_state_le = 0x6e18
                0x00006e84                        bt_conn_get_dst = 0x6e84
                0x00006e8a                        bt_conn_get_remote_info = 0x6e8a
                0x00006eb6                        notify_remote_info = 0x6eb6
                0x00006ee6                        bt_conn_le_get_tx_power_level = 0x6ee6
                0x00006f22                        bt_conn_le_data_len_update = 0x6f22
                0x00006f54                        bt_conn_le_phy_update = 0x6f54
                0x00006f92                        bt_conn_le_conn_update = 0x6f92
                0x00007018                        bt_conn_le_param_update = 0x7018
                0x000070ba                        bt_conn_disconnect = 0x70ba
                0x00007132                        bt_conn_get_security = 0x7132
                0x00007138                        bt_conn_set_security = 0x7138
                0x00007186                        bt_conn_auth_cb_register = 0x7186
                0x000071d2                        bt_conn_auth_info_cb_register = 0x71d2
                0x000071f4                        bt_conn_enc_key_size = 0x71f4
                0x00007208                        bt_conn_get_info = 0x7208
                0x00007306                        bt_conn_security_changed = 0x7306
                0x00007340                        bt_conn_le_start_encryption = 0x7340
                0x000074da                        bt_gatt_attr_write_ccc = 0x74da
                0x00007604                        disconnected_cb = 0x7604
                0x00007714                        bt_gatt_init = 0x7714
                0x0000773a                        bt_gatt_service_init = 0x773a
                0x0000777c                        bt_gatt_cb_register = 0x777c
                0x00007786                        bt_gatt_attr_read = 0x7786
                0x000077ba                        bt_gatt_attr_read_service = 0x77ba
                0x000077ee                        bt_gatt_attr_get_handle = 0x77ee
                0x00007866                        bt_gatt_attr_value_handle = 0x7866
                0x000078a4                        bt_gatt_attr_read_chrc = 0x78a4
                0x00007926                        bt_gatt_foreach_attr_type = 0x7926
                0x00007a0a                        bt_gatt_connected = 0x7a0a
                0x00007a36                        bt_gatt_disconnected = 0x7a36
                0x00007a58                        bt_gatt_attr_next = 0x7a58
                0x00007a86                        bt_gatt_attr_read_ccc = 0x7a86
                0x00007aca                        bt_gatt_attr_read_cep = 0x7aca
                0x00007aea                        bt_gatt_attr_read_cud = 0x7aea
                0x00007b24                        bt_gatt_attr_read_cpf = 0x7b24
                0x00007b68                        gatt_req_alloc = 0x7b68
                0x00007b9c                        bt_gatt_find_by_uuid = 0x7b9c
                0x00007be8                        bt_gatt_get_mtu = 0x7be8
                0x00007bf6                        bt_gatt_check_perm = 0x7bf6
                0x00007d4e                        bt_gatt_indicate = 0x7d4e
                0x00007ec8                        bt_gatt_notify_cb = 0x7ec8
                0x00008086                        update_ccc = 0x8086
                0x00008116                        bt_gatt_att_max_mtu_changed = 0x8116
                0x00008132                        bt_gatt_encrypt_change = 0x8132
                0x00008286                        bt_recv = 0x8286
                0x00008490                        bt_hci_cmd_create = 0x8490
                0x000084ce                        bt_hci_cmd_sync_wait = 0x84ce
                0x00008620                        bt_get_phy = 0x8620
                0x00008680                        hci_acl = 0x8680
                0x000086e2                        bt_le_conn_params_valid = 0x86e2
                0x00008738                        bt_security_err_get = 0x8738
                0x00008930                        hci_event = 0x8930
                0x00008978                        bt_send = 0x8978
                0x0000898e                        hci_tx_cmd_packet = 0x898e
                0x0000899c                        hci_tx_acl_packet = 0x899c
                0x000089aa                        bt_hci_cmd_send = 0x89aa
                0x000089cc                        bt_hci_cmd_send_sync = 0x89cc
                0x00008a1e                        bt_hci_cmd_send_sync_with_data = 0x8a1e
                0x00008a60                        bt_hci_le_rand = 0x8a60
                0x00008ae2                        bt_hci_disconnect = 0x8ae2
                0x00008cbc                        bt_read_remote_version = 0x8cbc
                0x00008d16                        bt_le_set_data_len = 0x8d16
                0x00008d80                        bt_le_set_phy = 0x8d80
                0x00009014                        bt_hci_driver_register = 0x9014
                0x00009040                        bt_init = 0x9040
                0x000094b6                        bt_polling_work = 0x94b6
                0x0000953a                        bt_enable = 0x953a
                0x000095ae                        bt_is_ready = 0x95ae
                0x000095be                        bt_addr_le_is_bonded = 0x95be
                0x000095e0                        bt_le_set_chan_map = 0x95e0
                0x000095e6                        bt_data_parse = 0x95e6
                0x0000965e                        bt_configure_data_path = 0x965e
                0x000096ea                        register_event_handle = 0x96ea
                0x00009788                        bt_l2cap_create_pdu = 0x9788
                0x00009798                        bt_l2cap_send = 0x9798
                0x000097e4                        le_sig_recv = 0x97e4
                0x00009882                        bt_l2cap_recv = 0x9882
                0x000098fc                        bt_l2cap_update_conn_param = 0x98fc
                0x000099ca                        bt_l2cap_connected = 0x99ca
                0x000099ea                        bt_l2cap_disconnected = 0x99ea
                0x00009a0a                        bt_l2cap_security_changed = 0x9a0a
                0x00009ab4                        bt_uuid_cmp = 0x9ab4
                0x00009b24                        bt_uuid_create = 0x9b24
                0x00009baa                        bt_hci_le_adv_report = 0x9baa
                0x00009c66                        hci_send_cmd_le_set_scan_param = 0x9c66
                0x00009c9e                        hci_send_cmd_le_set_scan_enable = 0x9c9e
                0x00009cbe                        bt_scan_register_cb = 0x9cbe
                0x00009cc8                        bt_scan_reset = 0x9cc8
                0x00009cd4                        bt_addr_any = 0x9cd4
                0x00009cdc                        bt_addr_le_any = 0x9cdc
                0x00009ce4                        bt_addr_le_none = 0x9ce4
                0x00009cec                        bt_addr_none = 0x9cec
                0x00009cf2                        bt_buf_get = 0x9cf2
                0x00009d5e                        bt_hci_evt_create = 0x9d5e
                0x00009d92                        bt_hci_cmd_complete_create = 0x9d92
                0x00009dce                        bt_hci_cmd_status_create = 0x9dce
                0x00009e0e                        bt_get_h4_type_by_buffer = 0x9e0e
                0x00009ec0                        bt_hci_h4_polling = 0x9ec0
                0x0000a2c0                        bt_hci_transport_setup = 0xa2c0
                0x0000a302                        hci_h4_init = 0xa302
                0x0000a4a0                        hci_cmd_complete = 0xa4a0
                0x0000a4cc                        link_control_cmd_handle = 0xa4cc
                0x0000a526                        ctrl_bb_cmd_handle = 0xa526
                0x0000a5e2                        info_cmd_handle = 0xa5e2
                0x0000a722                        status_cmd_handle = 0xa722
                0x0000a726                        controller_cmd_handle = 0xa726
                0x0000ae30                        hci_vendor_cmd_handle_common = 0xae30
                0x0000ae50                        hci_vendor_cmd_handle = 0xae50
                0x0000ae70                        hci_cmd_handle = 0xae70
                0x0000af54                        hci_acl_handle = 0xaf54
                0x0000afb0                        le_conn_complete = 0xafb0
                0x0000b072                        hci_disconn_complete_encode = 0xb072
                0x0000b0c0                        le_ltk_request = 0xb0c0
                0x0000b136                        encrypt_change = 0xb136
                0x0000b18c                        hci_acl_encode = 0xb18c
                0x0000b21a                        hci_evt_encode_alloc_buf = 0xb21a
                0x0000b2e8                        hci_evt_encode = 0xb2e8
                0x0000b518                        hci_num_cmplt_encode = 0xb518
                0x0000b55c                        hci_msg_polling_work = 0xb55c
                0x0000b7a4                        hci_init = 0xb7a4
                0x0000b7c8                        hci_driver_check_need_send_evt = 0xb7c8
                0x0000b824                        hci_driver_node_rx_enqueue = 0xb824
                0x0000b84c                        hci_driver_node_rx_get = 0xb84c
                0x0000b856                        hci_driver_node_rx_dequeue = 0xb856
                0x0000b87a                        hci_driver_rcv = 0xb87a
                0x0000b892                        hci_driver_send_to_upstack = 0xb892
                0x0000b8b0                        hci_driver_node_rx_process = 0xb8b0
                0x0000b98a                        hci_driver_node_rx_polling_work = 0xb98a
                0x0000b9b6                        hci_driver_polling_work = 0xb9b6
                0x0000b9c8                        hci_driver_send = 0xb9c8
                0x0000ba22                        hci_driver_open = 0xba22
                0x0000baf6                        BT_TIMER_StopTimer = 0xbaf6
                0x0000bb04                        BT_TIMER_CheckTimerStart = 0xbb04
                0x0000bb22                        BT_TIMER_GetCurrent = 0xbb22
                0x0000bb2c                        BT_TIMER_GetTimerTarget = 0xbb2c
                0x0000bb36                        BT_TIMER_TimerPast = 0xbb36
                0x0000bb50                        BT_TIMER_Diff = 0xbb50
                0x0000bb54                        BT_TIMER_StartTimer = 0xbb54
                0x0000bbd2                        BT_TIMER_StartTimerRelative = 0xbbd2
                0x0000bbec                        BT_TIMER_Init = 0xbbec
                0x0000bc04                        BT_TIMER_IRQHandler = 0xbc04
                0x0000bc64                        BtTimer_SleepMode_Check = 0xbc64
                0x0000bc8e                        RF_BT_UpdateDesc_RxPkt = 0xbc8e
                0x0000bca6                        RF_BT_UpdateDesc_RxPktPrepare = 0xbca6
                0x0000bce2                        RF_BT_UpdateAccessCodeInfo = 0xbce2
                0x0000bda2                        RF_BT_UpdateDesc_TxPkt = 0xbda2
                0x0000be08                        RF_BT_UpdateDesc_TxPktPrepare = 0xbe08
                0x0000be8e                        RF_BT_SendWork = 0xbe8e
                0x0000bfce                        RF_BT_ReceiveWork = 0xbfce
                0x0000c01c                        RF_BT_IRQHandler = 0xc01c
                0x0000c08a                        RF_BT_EventPrepare = 0xc08a
                0x0000c1c8                        RADIO_DescInit_CodedRecal = 0xc1c8
                0x0000c1f4                        RADIO_DescInit_Mode = 0xc1f4
                0x0000c276                        RADIO_StartDmaWithCheck = 0xc276
                0x0000c2ae                        simple_buf_init_buf = 0xc2ae
                0x0000c2fa                        simple_buf_base_mem_alloc = 0xc2fa
                0x0000c3a2                        simple_buf_alloc = 0xc3a2
                0x0000c3da                        simple_buf_base_mem_free = 0xc3da
                0x0000c48e                        simple_buf_free = 0xc48e
                0x0000c4dc                        simple_buf_get = 0xc4dc
                0x0000c4fa                        simple_buf_put = 0xc4fa
                0x0000c516                        simple_buf_frag_last = 0xc516
                0x0000c520                        simple_buf_base_push = 0xc520
                0x0000c534                        simple_buf_base_pull_mem = 0xc534
                0x0000c548                        simple_buf_base_pull_u8 = 0xc548
                0x0000c560                        simple_buf_base_pull_le16 = 0xc560
                0x0000c580                        simple_buf_base_add_mem = 0xc580
                0x0000c59e                        simple_buf_base_add = 0xc59e
                0x0000c5f0                        sys_timeout_polling_work = 0xc5f0
                0x0000c66c                        sys_timeout_init = 0xc66c
                0x0000c698                        sys_timeout_add = 0xc698
                0x0000c72c                        sys_timeout_abort = 0xc72c
                0x0000c780                        sys_timer_init = 0xc780
                0x0000c792                        sys_timer_start = 0xc792
                0x0000c7be                        sys_timer_stop = 0xc7be
                0x0000c7dc                        sys_work_expiration_handler = 0xc7dc
                0x0000c7ee                        unused_gpio_mask_parse_and_set = 0xc7ee
                0x0000c846                        t1100_rom_init = 0xc846
                0x0000c8d6                        delay_us = 0xc8d6
                0x0000c8f6                        CS_contextSave = 0xc8f6
                0x0000c93e                        CS_contextRestore = 0xc93e
                0x0000c978                        memcmp = 0xc978
                0x0000c9a0                        strlen = 0xc9a0
                0x0000c9b4                        memcpy = 0xc9b4
                0x0000c9cc                        memset = 0xc9cc
                0x20000004                        not_1st_tx_patch_desc = 0x20000004
                0x20000014                        rf_bt_call_desc_list_recv_fist = 0x20000014
                0x2000002c                        rf_bt_call_desc_list_rx_setfreq_delay = 0x2000002c
                0x20000034                        rf_bt_call_desc_list_send = 0x20000034
                0x20000044                        rf_bt_call_desc_list_send_fist = 0x20000044
                0x2000005c                        rf_bt_call_desc_list_send_fist_recv = 0x2000005c
                0x2000008c                        rf_bt_call_desc_list_send_recv = 0x2000008c
                0x200000b4                        rf_bt_call_desc_list_tx_setfreq_delay = 0x200000b4
                0x200000bc                        rf_bt_common_desc_rx_pkt = 0x200000bc
                0x200000ec                        rf_bt_common_desc_timestamp = 0x200000ec
                0x200000f4                        rf_bt_common_desc_tx_pkt_1m2m = 0x200000f4
                0x20000104                        rf_bt_common_desc_tx_pkt_1m2m_pkt = 0x20000104
                0x2000011c                        rf_bt_common_desc_tx_pkt_coded = 0x2000011c
                0x2000013c                        rf_bt_common_desc_tx_pkt_coded_pkt = 0x2000013c
                0x20000164                        rf_call_desc_list_rx_process = 0x20000164
                0x200001b4                        rf_call_desc_list_tx_process = 0x200001b4
                0x2000020c                        rf_common_desc_empty = 0x2000020c
                0x20000214                        rf_common_desc_err_timestamp = 0x20000214
                0x20000224                        rf_common_desc_mdm_off = 0x20000224
                0x2000022c                        rf_common_desc_mdm_rxon = 0x2000022c
                0x2000023c                        rf_common_desc_mdm_txoff = 0x2000023c
                0x20000244                        rf_common_desc_mdm_txon = 0x20000244
                0x20000274                        rf_common_desc_resetmdm = 0x20000274
                0x2000027c                        rf_common_desc_rf_off = 0x2000027c
                0x20000284                        rf_common_desc_rf_rxon = 0x20000284
                0x2000028c                        rf_common_desc_rf_tx_dac_off = 0x2000028c
                0x20000294                        rf_common_desc_rf_tx_pa_off = 0x20000294
                0x2000029c                        rf_common_desc_setfreq = 0x2000029c
                0x200002b4                        rf_common_desc_tx_carrier = 0x200002b4
                0x200002bc                        ll_company_id = 0x200002bc
                0x200002c4                        ll_pdu_rx_buf_free_nr = 0x200002c4
                0x200002c6                        ll_subv_nr = 0x200002c6
                0x200002c8                        ll_ver_nr = 0x200002c8
                0x200002c9                        att_handler_num = 0x200002c9
                0x200002cc                        att_handlers = 0x200002cc
                0x200002d0                        handlers = 0x200002d0
                0x200003e4                        RADIO_CommonDescInit_SetFreq_ptr = 0x200003e4
                0x200003e8                        bt_keys_find_addr_ptr = 0x200003e8
                0x200003ec                        bt_smp_connected_ptr = 0x200003ec
                0x200003f0                        bt_smp_disconnected_ptr = 0x200003f0
                0x200003f4                        bt_smp_encrypt_change_ptr = 0x200003f4
                0x200003f8                        bt_smp_recv_ptr = 0x200003f8
                0x200003fc                        bt_smp_request_ltk_ptr = 0x200003fc
                0x20000400                        bt_smp_start_security_ptr = 0x20000400
                0x20000404                        bt_smp_update_keys_ptr = 0x20000404
                0x20000408                        bt_storage_kv_flash_init_ptr = 0x20000408
                0x2000040c                        sys_timeout_work_ptr = 0x2000040c
                0x20000410                        rf_bt_common_desc_rx_setfreq = 0x20000410
                0x20000414                        rf_bt_common_desc_tx_setfreq = 0x20000414
                0x20000418                        rf_bt_common_desc_txrx_ifs_delay = 0x20000418
                0x20000420                        rf_bt_mgr = 0x20000420
                0x20000430                        rf_bt_time_info = 0x20000430
                0x20000448                        rf_bt_tx_packet_access_info = 0x20000448
                0x20000456                        is_desc_dma_error = 0x20000456
                0x20000458                        rf_common_desc_coded_recal = 0x20000458
                0x20000468                        rf_common_desc_modem_rx = 0x20000468
                0x20000480                        rf_common_desc_modem_tx = 0x20000480
                0x20000498                        rf_common_desc_tx_end_delay = 0x20000498
                0x200004a0                        rf_common_time_info = 0x200004a0
                0x200004a4                        rf_err_thr_cfg = 0x200004a4
                0x200004a8                        rf_tx_carrier = 0x200004a8
                0x200004ac                        bt_buf_cnt_info = 0x200004ac
                0x200004b4                        bt_buf_max_len = 0x200004b4
                0x200004b6                        ll_gap_time = 0x200004b6
                0x200004c0                        ll_node_rx_list = 0x200004c0
                0x200004c8                        ll_pdu_data_rx_buf = 0x200004c8
                0x200006e8                        ll_pdu_rx_buf_cur = 0x200006e8
                0x200006fa                        adv_int_tx_gap = 0x200006fa
                0x200006fb                        adv_nxt_chl_tmr_gap = 0x200006fb
                0x200006fc                        ll_adv = 0x200006fc
                0x20000764                        ble_max_conn_nr = 0x20000764
                0x20000766                        connInitialMaxTxOctets = 0x20000766
                0x20000768                        connInitialMaxTxTime = 0x20000768
                0x2000076c                        last_tx_ok_pdu = 0x2000076c
                0x20000770                        ll_conn = 0x20000770
                0x20000774                        ll_conn_initiate = 0x20000774
                0x2000079c                        ll_scan = 0x2000079c
                0x20000838                        att_info = 0x20000838
                0x2000083c                        acl_conns = 0x2000083c
                0x20000840                        bt_auth = 0x20000840
                0x20000844                        bt_auth_info = 0x20000844
                0x20000848                        conn_cb = 0x20000848
                0x2000084c                        _bt_gatt_service_static = 0x2000084c
                0x20000850                        bt_gatt_connected_ptr = 0x20000850
                0x20000854                        bt_gatt_disconnected_ptr = 0x20000854
                0x20000860                        bt_dev = 0x20000860
                0x20000904                        g_buf_alloced_wl = 0x20000904
                0x20000906                        g_buf_pool_wl = 0x20000906
                0x20000908                        g_end_buf_ptr = 0x20000908
                0x2000090c                        g_free_buf_hdr = 0x2000090c
                0x20000910                        g_hdr_rsvd_wdl = 0x20000910
                0x20000911                        g_tail_rsvd_wdl = 0x20000911
                0x20000938                        recv_fifo = 0x20000938

.text           0x10000000     0x462c
 *crt0*.o(.text .text.*)
 .text.init     0x10000000       0xb4 D:/AAwork_liuyuxiang/code/CP800X_SDKV1.0.7/SDK/sdk_CP800x_V108_20250627/sdk/components/libraries\libstartlib.a(E902_crt0.o)
                0x10000000                reset_handler
                0x10000080                trap_handler
 *(.text*)
 .text          0x100000b4      0x9b4 C:\Users\ADMINI~1\AppData\Local\Temp\ccrioyea.ltrans0.ltrans.o
                0x100009be                WDT_Handler
                0x100009c2                GPIO_Handler
                0x100009c6                TIMER0_Handler
                0x100009ca                TIMER1_Handler
                0x100009ce                TIMER2_Handler
                0x100009d2                TIMER3_Handler
                0x100009d6                TIMER4_Handler
                0x100009da                TIMER5_Handler
                0x100009de                TIMER6_Handler
                0x100009e2                TIMER7_Handler
                0x100009fa                puts
                0x10000a2a                clkcal_reset
 .text.startup  0x10000a68      0x2be C:\Users\ADMINI~1\AppData\Local\Temp\ccrioyea.ltrans0.ltrans.o
                0x10000a68                main
 .text.Default_Handler
                0x10000d26        0xe D:/AAwork_liuyuxiang/code/CP800X_SDKV1.0.7/SDK/sdk_CP800x_V108_20250627/sdk/components/libraries\libstartlib.a(E902_startup.o)
                0x10000d26                SPIM1_Handler
                0x10000d26                CLKCAL_Handler
                0x10000d26                I2C0_Handler
                0x10000d26                SysTick_Handler
                0x10000d26                QDEC_Handler
                0x10000d26                SPIM0_Handler
                0x10000d26                LEDC_Handler
                0x10000d26                SPIS0_Handler
                0x10000d26                CAPTURE_Handler
                0x10000d26                UART1_Handler
                0x10000d26                USB_Handler
                0x10000d26                Interrupt4_Handler
                0x10000d26                Default_Handler
                0x10000d26                Interrupt23_Handler
                0x10000d26                GPADC_Handler
                0x10000d26                ExtIrq_Handler
                0x10000d26                KEYSCAN_Handler
                0x10000d26                SDMA_Handler
                0x10000d26                SoftIrq_Handler
                0x10000d26                Interrupt13_Handler
                0x10000d26                UART0_Handler
                0x10000d26                Interrupt1_Handler
                0x10000d26                AES_Handler
 .text.clic_init
                0x10000d34       0x38 D:/AAwork_liuyuxiang/code/CP800X_SDKV1.0.7/SDK/sdk_CP800x_V108_20250627/sdk/components/libraries\libstartlib.a(E902_startup.o)
                0x10000d34                clic_init
 .text.ram_init
                0x10000d6c       0x9a D:/AAwork_liuyuxiang/code/CP800X_SDKV1.0.7/SDK/sdk_CP800x_V108_20250627/sdk/components/libraries\libstartlib.a(E902_startup.o)
                0x10000d6c                ram_init
 .text.sys_entry
                0x10000e06       0xb8 D:/AAwork_liuyuxiang/code/CP800X_SDKV1.0.7/SDK/sdk_CP800x_V108_20250627/sdk/components/libraries\libstartlib.a(E902_startup.o)
                0x10000e06                sys_entry
 .text.otp_load_cfg
                0x10000ebe      0x3e0 D:/AAwork_liuyuxiang/code/CP800X_SDKV1.0.7/SDK/sdk_CP800x_V108_20250627/sdk/components/libraries\libstartlib.a(E902_otp_cfg.o)
                0x10000ebe                otp_load_cfg
 .text.otp_apply_cfg
                0x1000129e       0x86 D:/AAwork_liuyuxiang/code/CP800X_SDKV1.0.7/SDK/sdk_CP800x_V108_20250627/sdk/components/libraries\libstartlib.a(E902_otp_cfg.o)
                0x1000129e                otp_apply_cfg
 .text.RTC_GetCurrentSysTime
                0x10001324        0xa D:/AAwork_liuyuxiang/code/CP800X_SDKV1.0.7/SDK/sdk_CP800x_V108_20250627/sdk/components/libraries/ble\libble.a(ble_t1001_rtc.o)
                0x10001324                RTC_GetCurrentSysTime
 .text.RTC_SetTimerTarget
                0x1000132e        0xa D:/AAwork_liuyuxiang/code/CP800X_SDKV1.0.7/SDK/sdk_CP800x_V108_20250627/sdk/components/libraries/ble\libble.a(ble_t1001_rtc.o)
                0x1000132e                RTC_SetTimerTarget
 .text.RTC_GetTimerTarget
                0x10001338        0xa D:/AAwork_liuyuxiang/code/CP800X_SDKV1.0.7/SDK/sdk_CP800x_V108_20250627/sdk/components/libraries/ble\libble.a(ble_t1001_rtc.o)
                0x10001338                RTC_GetTimerTarget
 .text.RTC_ITConfig
                0x10001342       0x2e D:/AAwork_liuyuxiang/code/CP800X_SDKV1.0.7/SDK/sdk_CP800x_V108_20250627/sdk/components/libraries/ble\libble.a(ble_t1001_rtc.o)
                0x10001342                RTC_ITConfig
 .text.RTC_GetITStatus
                0x10001370       0x14 D:/AAwork_liuyuxiang/code/CP800X_SDKV1.0.7/SDK/sdk_CP800x_V108_20250627/sdk/components/libraries/ble\libble.a(ble_t1001_rtc.o)
                0x10001370                RTC_GetITStatus
 .text.RTC_ClearITPendingBit
                0x10001384       0x14 D:/AAwork_liuyuxiang/code/CP800X_SDKV1.0.7/SDK/sdk_CP800x_V108_20250627/sdk/components/libraries/ble\libble.a(ble_t1001_rtc.o)
                0x10001384                RTC_ClearITPendingBit
 .text._timer_sub
                0x10001398        0x4 D:/AAwork_liuyuxiang/code/CP800X_SDKV1.0.7/SDK/sdk_CP800x_V108_20250627/sdk/components/libraries/ble\libble.a(ble_t1001_vtimer.o)
 .text._timer_refresh_timeout
                0x1000139c       0x52 D:/AAwork_liuyuxiang/code/CP800X_SDKV1.0.7/SDK/sdk_CP800x_V108_20250627/sdk/components/libraries/ble\libble.a(ble_t1001_vtimer.o)
 .text._timer_remove
                0x100013ee       0x48 D:/AAwork_liuyuxiang/code/CP800X_SDKV1.0.7/SDK/sdk_CP800x_V108_20250627/sdk/components/libraries/ble\libble.a(ble_t1001_vtimer.o)
 .text.VTIMER_Init
                0x10001436       0x92 D:/AAwork_liuyuxiang/code/CP800X_SDKV1.0.7/SDK/sdk_CP800x_V108_20250627/sdk/components/libraries/ble\libble.a(ble_t1001_vtimer.o)
                0x10001436                VTIMER_Init
 .text.VTIMER_IRQHandler
                0x100014c8       0x5c D:/AAwork_liuyuxiang/code/CP800X_SDKV1.0.7/SDK/sdk_CP800x_V108_20250627/sdk/components/libraries/ble\libble.a(ble_t1001_vtimer.o)
                0x100014c8                VTIMER_IRQHandler
 .text.Timer_SleepMode_Check
                0x10001524       0x38 D:/AAwork_liuyuxiang/code/CP800X_SDKV1.0.7/SDK/sdk_CP800x_V108_20250627/sdk/components/libraries/ble\libble.a(ble_t1001_vtimer.o)
                0x10001524                Timer_SleepMode_Check
 .text.ble_set_adv_addr
                0x1000155c        0xe D:/AAwork_liuyuxiang/code/CP800X_SDKV1.0.7/SDK/sdk_CP800x_V108_20250627/sdk/components/libraries/ble\libble.a(ble_api_blestack.o)
                0x1000155c                ble_set_adv_addr
 .text.ble_set_adv_param
                0x1000156a       0x44 D:/AAwork_liuyuxiang/code/CP800X_SDKV1.0.7/SDK/sdk_CP800x_V108_20250627/sdk/components/libraries/ble\libble.a(ble_api_blestack.o)
                0x1000156a                ble_set_adv_param
 .text.ble_adv_enable
                0x100015ae       0x14 D:/AAwork_liuyuxiang/code/CP800X_SDKV1.0.7/SDK/sdk_CP800x_V108_20250627/sdk/components/libraries/ble\libble.a(ble_api_blestack.o)
                0x100015ae                ble_adv_enable
 .text.ble_set_adv_data
                0x100015c2       0x12 D:/AAwork_liuyuxiang/code/CP800X_SDKV1.0.7/SDK/sdk_CP800x_V108_20250627/sdk/components/libraries/ble\libble.a(ble_api_blestack.o)
                0x100015c2                ble_set_adv_data
 .text.ble_set_scan_rsp_data
                0x100015d4       0x12 D:/AAwork_liuyuxiang/code/CP800X_SDKV1.0.7/SDK/sdk_CP800x_V108_20250627/sdk/components/libraries/ble\libble.a(ble_api_blestack.o)
                0x100015d4                ble_set_scan_rsp_data
 .text.ble_update_conn_param
                0x100015e6       0x24 D:/AAwork_liuyuxiang/code/CP800X_SDKV1.0.7/SDK/sdk_CP800x_V108_20250627/sdk/components/libraries/ble\libble.a(ble_api_blestack.o)
                0x100015e6                ble_update_conn_param
 .text.ble_user_service_add
                0x1000160a       0x7e D:/AAwork_liuyuxiang/code/CP800X_SDKV1.0.7/SDK/sdk_CP800x_V108_20250627/sdk/components/libraries/ble\libble.a(ble_api_blestack.o)
                0x1000160a                ble_user_service_add
 .text.ble_event_callback
                0x10001688       0x12 D:/AAwork_liuyuxiang/code/CP800X_SDKV1.0.7/SDK/sdk_CP800x_V108_20250627/sdk/components/libraries/ble\libble.a(ble_api_blestack.o)
                0x10001688                ble_event_callback
 .text.ble_host_init
                0x1000169a       0x96 D:/AAwork_liuyuxiang/code/CP800X_SDKV1.0.7/SDK/sdk_CP800x_V108_20250627/sdk/components/libraries/ble\libble.a(ble_api_blestack.o)
                0x1000169a                ble_host_init
 .text.hw_chk_and_en_irq
                0x10001730        0xe D:/AAwork_liuyuxiang/code/CP800X_SDKV1.0.7/SDK/sdk_CP800x_V108_20250627/sdk/components/libraries/ble\libble.a(ble_api_blestack.o)
                0x10001730                hw_chk_and_en_irq
 .text.ble_host_work_polling
                0x1000173e       0x12 D:/AAwork_liuyuxiang/code/CP800X_SDKV1.0.7/SDK/sdk_CP800x_V108_20250627/sdk/components/libraries/ble\libble.a(ble_api_blestack.o)
                0x1000173e                ble_host_work_polling
 .text.ble_sleep_check
                0x10001750       0x12 D:/AAwork_liuyuxiang/code/CP800X_SDKV1.0.7/SDK/sdk_CP800x_V108_20250627/sdk/components/libraries/ble\libble.a(ble_api_blestack.o)
                0x10001750                ble_sleep_check
 .text.t1001_sleep_restore_uart_reg_info
                0x10001762       0x7a D:/AAwork_liuyuxiang/code/CP800X_SDKV1.0.7/SDK/sdk_CP800x_V108_20250627/sdk/components/libraries/ble\libble.a(ble_api_ble_sleep_wakeup.o)
                0x10001762                t1001_sleep_restore_uart_reg_info
 .text.app_sleep_enable
                0x100017dc        0xc D:/AAwork_liuyuxiang/code/CP800X_SDKV1.0.7/SDK/sdk_CP800x_V108_20250627/sdk/components/libraries/ble\libble.a(ble_api_ble_sleep_wakeup.o)
                0x100017dc                app_sleep_enable
 .text.app_sleep_disable
                0x100017e8        0xa D:/AAwork_liuyuxiang/code/CP800X_SDKV1.0.7/SDK/sdk_CP800x_V108_20250627/sdk/components/libraries/ble\libble.a(ble_api_ble_sleep_wakeup.o)
                0x100017e8                app_sleep_disable
 .text.App_SleepMode_Check
                0x100017f2       0x22 D:/AAwork_liuyuxiang/code/CP800X_SDKV1.0.7/SDK/sdk_CP800x_V108_20250627/sdk/components/libraries/ble\libble.a(ble_api_ble_sleep_wakeup.o)
                0x100017f2                App_SleepMode_Check
 .text.t1001_cfg_wakeup_gpio
                0x10001814       0x50 D:/AAwork_liuyuxiang/code/CP800X_SDKV1.0.7/SDK/sdk_CP800x_V108_20250627/sdk/components/libraries/ble\libble.a(ble_api_ble_sleep_wakeup.o)
                0x10001814                t1001_cfg_wakeup_gpio
 .text.ble_sleep_init
                0x10001864       0x66 D:/AAwork_liuyuxiang/code/CP800X_SDKV1.0.7/SDK/sdk_CP800x_V108_20250627/sdk/components/libraries/ble\libble.a(ble_api_ble_sleep_wakeup.o)
                0x10001864                ble_sleep_init
 .text.T1001_Sleep
                0x100018ca      0x24c D:/AAwork_liuyuxiang/code/CP800X_SDKV1.0.7/SDK/sdk_CP800x_V108_20250627/sdk/components/libraries/ble\libble.a(ble_api_ble_sleep_wakeup.o)
                0x100018ca                T1001_Sleep
 .text.omw_clkcal_delayus
                0x10001b16       0x2a D:/AAwork_liuyuxiang/code/CP800X_SDKV1.0.7/SDK/sdk_CP800x_V108_20250627/sdk/components/libraries/ble\libble.a(drv_omw_clkcal.o)
                0x10001b16                omw_clkcal_delayus
 .text.omw_clkcal_reset
                0x10001b40       0x3a D:/AAwork_liuyuxiang/code/CP800X_SDKV1.0.7/SDK/sdk_CP800x_V108_20250627/sdk/components/libraries/ble\libble.a(drv_omw_clkcal.o)
                0x10001b40                omw_clkcal_reset
 .text.omw_clkcal_init
                0x10001b7a       0x4e D:/AAwork_liuyuxiang/code/CP800X_SDKV1.0.7/SDK/sdk_CP800x_V108_20250627/sdk/components/libraries/ble\libble.a(drv_omw_clkcal.o)
                0x10001b7a                omw_clkcal_init
 .text.omw_clkcal_enable
                0x10001bc8       0x24 D:/AAwork_liuyuxiang/code/CP800X_SDKV1.0.7/SDK/sdk_CP800x_V108_20250627/sdk/components/libraries/ble\libble.a(drv_omw_clkcal.o)
                0x10001bc8                omw_clkcal_enable
 .text.omw_clkcal_calpol
                0x10001bec       0x26 D:/AAwork_liuyuxiang/code/CP800X_SDKV1.0.7/SDK/sdk_CP800x_V108_20250627/sdk/components/libraries/ble\libble.a(drv_omw_clkcal.o)
                0x10001bec                omw_clkcal_calpol
 .text.omw_clkcal_rc24m_calibration
                0x10001c12      0x140 D:/AAwork_liuyuxiang/code/CP800X_SDKV1.0.7/SDK/sdk_CP800x_V108_20250627/sdk/components/libraries/ble\libble.a(drv_omw_clkcal.o)
                0x10001c12                omw_clkcal_rc24m_calibration
 .text.omw_clkcal_rc32k_calibration
                0x10001d52       0xe6 D:/AAwork_liuyuxiang/code/CP800X_SDKV1.0.7/SDK/sdk_CP800x_V108_20250627/sdk/components/libraries/ble\libble.a(drv_omw_clkcal.o)
                0x10001d52                omw_clkcal_rc32k_calibration
 .text.omw_gpio_set_func
                0x10001e38       0x5c D:/AAwork_liuyuxiang/code/CP800X_SDKV1.0.7/SDK/sdk_CP800x_V108_20250627/sdk/components/libraries/ble\libble.a(drv_omw_gpio.o)
                0x10001e38                omw_gpio_set_func
 .text.wait_uart_not_busy
                0x10001e94       0x12 D:/AAwork_liuyuxiang/code/CP800X_SDKV1.0.7/SDK/sdk_CP800x_V108_20250627/sdk/components/libraries/ble\libble.a(drv_omw_uart.o)
                0x10001e94                wait_uart_not_busy
 .text.ll_conn_set_conn_buf
                0x10001ea6       0x1c D:/AAwork_liuyuxiang/code/CP800X_SDKV1.0.7/SDK/sdk_CP800x_V108_20250627/sdk/components/libraries/ble\libble.a(controller_ll_conn.o)
                0x10001ea6                ll_conn_set_conn_buf
 .text.bt_att_set_att_info_buf
                0x10001ec2       0x38 D:/AAwork_liuyuxiang/code/CP800X_SDKV1.0.7/SDK/sdk_CP800x_V108_20250627/sdk/components/libraries/ble\libble.a(host_att.o)
                0x10001ec2                bt_att_set_att_info_buf
 .text.bt_att_tx_polling
                0x10001efa       0x7a D:/AAwork_liuyuxiang/code/CP800X_SDKV1.0.7/SDK/sdk_CP800x_V108_20250627/sdk/components/libraries/ble\libble.a(host_att.o)
                0x10001efa                bt_att_tx_polling
 .text.bt_att_can_sleep
                0x10001f74       0x34 D:/AAwork_liuyuxiang/code/CP800X_SDKV1.0.7/SDK/sdk_CP800x_V108_20250627/sdk/components/libraries/ble\libble.a(host_att.o)
                0x10001f74                bt_att_can_sleep
 .text.bt_conn_set_acl_conns_buf
                0x10001fa8       0x38 D:/AAwork_liuyuxiang/code/CP800X_SDKV1.0.7/SDK/sdk_CP800x_V108_20250627/sdk/components/libraries/ble\libble.a(host_conn.o)
                0x10001fa8                bt_conn_set_acl_conns_buf
 .text.bt_buf_init
                0x10001fe0       0x3c D:/AAwork_liuyuxiang/code/CP800X_SDKV1.0.7/SDK/sdk_CP800x_V108_20250627/sdk/components/libraries/ble\libble.a(lib_bt_init.o)
                0x10001fe0                bt_buf_init
 .text.bt_buf_init_ext
                0x1000201c       0x3e D:/AAwork_liuyuxiang/code/CP800X_SDKV1.0.7/SDK/sdk_CP800x_V108_20250627/sdk/components/libraries/ble\libble.a(lib_bt_init.o)
                0x1000201c                bt_buf_init_ext
 .text.hci_driver_init
                0x1000205a       0x1a D:/AAwork_liuyuxiang/code/CP800X_SDKV1.0.7/SDK/sdk_CP800x_V108_20250627/sdk/components/libraries/ble\libble.a(host_host.o)
                0x1000205a                hci_driver_init
 .text.bt_storage_kv_flash_init
                0x10002074        0x2 D:/AAwork_liuyuxiang/code/CP800X_SDKV1.0.7/SDK/sdk_CP800x_V108_20250627/sdk/components/libraries/ble\libble_base.a(v0_2_0_full_bt_init.o)
                0x10002074                bt_storage_kv_flash_init
 .text.bt_smp_recv
                0x10002076        0x4 D:/AAwork_liuyuxiang/code/CP800X_SDKV1.0.7/SDK/sdk_CP800x_V108_20250627/sdk/components/libraries/ble\libble_base.a(v0_2_0_full_bt_init.o)
                0x10002076                bt_smp_recv
 .text.bt_smp_connected
                0x1000207a        0x2 D:/AAwork_liuyuxiang/code/CP800X_SDKV1.0.7/SDK/sdk_CP800x_V108_20250627/sdk/components/libraries/ble\libble_base.a(v0_2_0_full_bt_init.o)
                0x1000207a                bt_smp_connected
 .text.bt_smp_disconnected
                0x1000207c        0x2 D:/AAwork_liuyuxiang/code/CP800X_SDKV1.0.7/SDK/sdk_CP800x_V108_20250627/sdk/components/libraries/ble\libble_base.a(v0_2_0_full_bt_init.o)
                0x1000207c                bt_smp_disconnected
 .text.bt_smp_encrypt_change
                0x1000207e        0x2 D:/AAwork_liuyuxiang/code/CP800X_SDKV1.0.7/SDK/sdk_CP800x_V108_20250627/sdk/components/libraries/ble\libble_base.a(v0_2_0_full_bt_init.o)
                0x1000207e                bt_smp_encrypt_change
 .text.bt_smp_start_security
                0x10002080        0x4 D:/AAwork_liuyuxiang/code/CP800X_SDKV1.0.7/SDK/sdk_CP800x_V108_20250627/sdk/components/libraries/ble\libble_base.a(v0_2_0_full_bt_init.o)
                0x10002080                bt_smp_start_security
 .text.bt_smp_update_keys
                0x10002084        0x2 D:/AAwork_liuyuxiang/code/CP800X_SDKV1.0.7/SDK/sdk_CP800x_V108_20250627/sdk/components/libraries/ble\libble_base.a(v0_2_0_full_bt_init.o)
                0x10002084                bt_smp_update_keys
 .text.bt_smp_request_ltk
                0x10002086        0x4 D:/AAwork_liuyuxiang/code/CP800X_SDKV1.0.7/SDK/sdk_CP800x_V108_20250627/sdk/components/libraries/ble\libble_base.a(v0_2_0_full_bt_init.o)
                0x10002086                bt_smp_request_ltk
 .text.bt_keys_find_addr
                0x1000208a        0x4 D:/AAwork_liuyuxiang/code/CP800X_SDKV1.0.7/SDK/sdk_CP800x_V108_20250627/sdk/components/libraries/ble\libble_base.a(v0_2_0_full_bt_init.o)
                0x1000208a                bt_keys_find_addr
 .text.sys_timeout_work
                0x1000208e        0x2 D:/AAwork_liuyuxiang/code/CP800X_SDKV1.0.7/SDK/sdk_CP800x_V108_20250627/sdk/components/libraries/ble\libble_base.a(v0_2_0_full_bt_init.o)
                0x1000208e                sys_timeout_work
 .text.omw_svc_set_addr
                0x10002090       0x3a D:/AAwork_liuyuxiang/code/CP800X_SDKV1.0.7/SDK/sdk_CP800x_V108_20250627/sdk/components/libraries/ble\libble_base.a(v0_2_0_full_bt_init.o)
                0x10002090                omw_svc_set_addr
 .text.bt_base_init
                0x100020ca      0x17c D:/AAwork_liuyuxiang/code/CP800X_SDKV1.0.7/SDK/sdk_CP800x_V108_20250627/sdk/components/libraries/ble\libble_base.a(v0_2_0_full_bt_init.o)
                0x100020ca                bt_base_init
 .text.RF_BT_Init
                0x10002246      0x152 D:/AAwork_liuyuxiang/code/CP800X_SDKV1.0.7/SDK/sdk_CP800x_V108_20250627/sdk/components/libraries/ble\libble_base.a(t1001_t1001_bt.o)
                0x10002246                RF_BT_Init
 .text.RADIO_Init
                0x10002398       0xd2 D:/AAwork_liuyuxiang/code/CP800X_SDKV1.0.7/SDK/sdk_CP800x_V108_20250627/sdk/components/libraries/ble\libble_base.a(t1001_t1001_radio.o)
                0x10002398                RADIO_Init
 .text.rf_get_ad_pll_counter
                0x1000246a       0x44 D:/AAwork_liuyuxiang/code/CP800X_SDKV1.0.7/SDK/sdk_CP800x_V108_20250627/sdk/components/libraries/ble\libble_base.a(t1001_t1002_chip_radio.o)
 .text.omw_rf_set_tx_pwr_lvl
                0x100024ae       0xf6 D:/AAwork_liuyuxiang/code/CP800X_SDKV1.0.7/SDK/sdk_CP800x_V108_20250627/sdk/components/libraries/ble\libble_base.a(t1001_t1002_chip_radio.o)
                0x100024ae                omw_rf_set_tx_pwr_lvl
 .text.PMU_OnChip_Init
                0x100025a4       0x50 D:/AAwork_liuyuxiang/code/CP800X_SDKV1.0.7/SDK/sdk_CP800x_V108_20250627/sdk/components/libraries/ble\libble_base.a(t1001_t1002_chip_radio.o)
                0x100025a4                PMU_OnChip_Init
 .text.Radio_OnChip_Set_Freq_Sw
                0x100025f4       0x1e D:/AAwork_liuyuxiang/code/CP800X_SDKV1.0.7/SDK/sdk_CP800x_V108_20250627/sdk/components/libraries/ble\libble_base.a(t1001_t1002_chip_radio.o)
                0x100025f4                Radio_OnChip_Set_Freq_Sw
 .text.RF_OnChip_Init
                0x10002612      0x370 D:/AAwork_liuyuxiang/code/CP800X_SDKV1.0.7/SDK/sdk_CP800x_V108_20250627/sdk/components/libraries/ble\libble_base.a(t1001_t1002_chip_radio.o)
                0x10002612                RF_OnChip_Init
 .text.start_adc_cap
                0x10002982       0x7a D:/AAwork_liuyuxiang/code/CP800X_SDKV1.0.7/SDK/sdk_CP800x_V108_20250627/sdk/components/libraries/ble\libble_base.a(t1001_t1002_dcoc_calib.o)
                0x10002982                start_adc_cap
 .text.get_dc_info_iq
                0x100029fc       0xfa D:/AAwork_liuyuxiang/code/CP800X_SDKV1.0.7/SDK/sdk_CP800x_V108_20250627/sdk/components/libraries/ble\libble_base.a(t1001_t1002_dcoc_calib.o)
                0x100029fc                get_dc_info_iq
 .text.rf_dcoc_calib_iq_bq
                0x10002af6      0x10c D:/AAwork_liuyuxiang/code/CP800X_SDKV1.0.7/SDK/sdk_CP800x_V108_20250627/sdk/components/libraries/ble\libble_base.a(t1001_t1002_dcoc_calib.o)
                0x10002af6                rf_dcoc_calib_iq_bq
 .text.omw_rf_dcoc_cal
                0x10002c02       0xd6 D:/AAwork_liuyuxiang/code/CP800X_SDKV1.0.7/SDK/sdk_CP800x_V108_20250627/sdk/components/libraries/ble\libble_base.a(t1001_t1002_dcoc_calib.o)
                0x10002c02                omw_rf_dcoc_cal
 .text.omw_clkcal_poll_corner
                0x10002cd8       0x9c D:/AAwork_liuyuxiang/code/CP800X_SDKV1.0.7/SDK/sdk_CP800x_V108_20250627/sdk/components/libraries/ble\libble_base.a(t1001_t1002_rf_cal.o)
                0x10002cd8                omw_clkcal_poll_corner
 .text.disable_gpadc
                0x10002d74       0x1e D:/AAwork_liuyuxiang/code/CP800X_SDKV1.0.7/SDK/sdk_CP800x_V108_20250627/sdk/components/libraries/ble\libble_base.a(t1001_t1002_rf_cal.o)
                0x10002d74                disable_gpadc
 .text.get_vtrim
                0x10002d92       0x2a D:/AAwork_liuyuxiang/code/CP800X_SDKV1.0.7/SDK/sdk_CP800x_V108_20250627/sdk/components/libraries/ble\libble_base.a(t1001_t1002_rf_cal.o)
                0x10002d92                get_vtrim
 .text.get_corner_offset
                0x10002dbc       0x72 D:/AAwork_liuyuxiang/code/CP800X_SDKV1.0.7/SDK/sdk_CP800x_V108_20250627/sdk/components/libraries/ble\libble_base.a(t1001_t1002_rf_cal.o)
                0x10002dbc                get_corner_offset
 .text.omw_rf_cal
                0x10002e2e      0x18e D:/AAwork_liuyuxiang/code/CP800X_SDKV1.0.7/SDK/sdk_CP800x_V108_20250627/sdk/components/libraries/ble\libble_base.a(t1001_t1002_rf_cal.o)
                0x10002e2e                omw_rf_cal
 .text.t1001_sleep_get_protect_time
                0x10002fbc        0x6 D:/AAwork_liuyuxiang/code/CP800X_SDKV1.0.7/SDK/sdk_CP800x_V108_20250627/sdk/components/libraries/ble\libble_base.a(t1001_t1001_sleep_cr.o)
                0x10002fbc                t1001_sleep_get_protect_time
 .text.bt_polling_work_ext
                0x10002fc2      0x102 D:/AAwork_liuyuxiang/code/CP800X_SDKV1.0.7/SDK/sdk_CP800x_V108_20250627/sdk/components/libraries/ble\libble_base.a(host_hci_core.o)
                0x10002fc2                bt_polling_work_ext
 .text.bt_conn_recv_ext
                0x100030c4      0x17e D:/AAwork_liuyuxiang/code/CP800X_SDKV1.0.7/SDK/sdk_CP800x_V108_20250627/sdk/components/libraries/ble\libble_base.a(host_conn.o)
                0x100030c4                bt_conn_recv_ext
 .text.bt_conn_can_sleep_check
                0x10003242       0x5a D:/AAwork_liuyuxiang/code/CP800X_SDKV1.0.7/SDK/sdk_CP800x_V108_20250627/sdk/components/libraries/ble\libble_base.a(host_conn.o)
                0x10003242                bt_conn_can_sleep_check
 .text.ll_conn_process_before_sleep
                0x1000329c       0x20 D:/AAwork_liuyuxiang/code/CP800X_SDKV1.0.7/SDK/sdk_CP800x_V108_20250627/sdk/components/libraries/ble\libble_base.a(controller_ll_conn.o)
                0x1000329c                ll_conn_process_before_sleep
 .text          0x100032bc      0x566 d:/C-Sky/CDKRepo/Toolchain/XTGccElfNewlib/V3.1.0/R/bin/../lib/gcc/riscv64-unknown-elf/14.1.1/rv32emc/ilp32e\libgcc.a(divdf3.o)
                0x100032bc                __divdf3
 .text          0x10003822      0x5d6 d:/C-Sky/CDKRepo/Toolchain/XTGccElfNewlib/V3.1.0/R/bin/../lib/gcc/riscv64-unknown-elf/14.1.1/rv32emc/ilp32e\libgcc.a(subdf3.o)
                0x10003822                __subdf3
 .text          0x10003df8       0x66 d:/C-Sky/CDKRepo/Toolchain/XTGccElfNewlib/V3.1.0/R/bin/../lib/gcc/riscv64-unknown-elf/14.1.1/rv32emc/ilp32e\libgcc.a(fixdfsi.o)
                0x10003df8                __fixdfsi
 .text          0x10003e5e       0x64 d:/C-Sky/CDKRepo/Toolchain/XTGccElfNewlib/V3.1.0/R/bin/../lib/gcc/riscv64-unknown-elf/14.1.1/rv32emc/ilp32e\libgcc.a(floatsidf.o)
                0x10003e5e                __floatsidf
 .text          0x10003ec2       0x3c d:/C-Sky/CDKRepo/Toolchain/XTGccElfNewlib/V3.1.0/R/bin/../lib/gcc/riscv64-unknown-elf/14.1.1/rv32emc/ilp32e\libgcc.a(_clzsi2.o)
                0x10003ec2                __clzsi2
 .text          0x10003efe       0xac d:/C-Sky/CDKRepo/Toolchain/XTGccElfNewlib/V3.1.0/R/bin/../lib/gcc/riscv64-unknown-elf/14.1.1/rv32emc/ilp32e\libgcc.a(unaligned-libcall.o)
                0x10003efe                __thead_uread4
                0x10003f1c                __thead_uwrite4
                0x10003f38                __thead_uread8
                0x10003f74                __thead_uwrite8
 *(.rodata*)
 *fill*         0x10003faa        0x2 
 .rodata.str1.4
                0x10003fac      0x2b6 C:\Users\ADMINI~1\AppData\Local\Temp\ccrioyea.ltrans0.ltrans.o
 *fill*         0x10004262        0x2 
 .rodata        0x10004264      0x1ac C:\Users\ADMINI~1\AppData\Local\Temp\ccrioyea.ltrans0.ltrans.o
 .rodata.addr_list
                0x10004410       0x44 D:/AAwork_liuyuxiang/code/CP800X_SDKV1.0.7/SDK/sdk_CP800x_V108_20250627/sdk/components/libraries/ble\libble.a(ble_api_ble_sleep_wakeup.o)
 *fill*         0x10004454        0x4 
 .rodata.cst8   0x10004458       0x10 D:/AAwork_liuyuxiang/code/CP800X_SDKV1.0.7/SDK/sdk_CP800x_V108_20250627/sdk/components/libraries/ble\libble.a(drv_omw_clkcal.o)
 .rodata.drv    0x10004468        0xc D:/AAwork_liuyuxiang/code/CP800X_SDKV1.0.7/SDK/sdk_CP800x_V108_20250627/sdk/components/libraries/ble\libble.a(host_host.o)
                0x10004468                drv
 .rodata.time_info
                0x10004474       0x16 D:/AAwork_liuyuxiang/code/CP800X_SDKV1.0.7/SDK/sdk_CP800x_V108_20250627/sdk/components/libraries/ble\libble_base.a(t1001_t1001_bt.o)
 *fill*         0x1000448a        0x2 
 .rodata.time_info
                0x1000448c        0x2 D:/AAwork_liuyuxiang/code/CP800X_SDKV1.0.7/SDK/sdk_CP800x_V108_20250627/sdk/components/libraries/ble\libble_base.a(t1001_t1001_radio.o)
 *fill*         0x1000448e        0x2 
 .rodata.rf_pwr_lvl_map_0
                0x10004490       0x4a D:/AAwork_liuyuxiang/code/CP800X_SDKV1.0.7/SDK/sdk_CP800x_V108_20250627/sdk/components/libraries/ble\libble_base.a(t1001_t1002_chip_radio.o)
 *fill*         0x100044da        0x2 
 .rodata.rf_pwr_lvl_map_1
                0x100044dc        0x6 D:/AAwork_liuyuxiang/code/CP800X_SDKV1.0.7/SDK/sdk_CP800x_V108_20250627/sdk/components/libraries/ble\libble_base.a(t1001_t1002_chip_radio.o)
 *fill*         0x100044e2        0x2 
 .rodata.rssi_thresholds
                0x100044e4        0xc D:/AAwork_liuyuxiang/code/CP800X_SDKV1.0.7/SDK/sdk_CP800x_V108_20250627/sdk/components/libraries/ble\libble_base.a(t1001_t1002_rf_cal.o)
                0x100044e4                rssi_thresholds
 .rodata        0x100044f0       0x3c d:/C-Sky/CDKRepo/Toolchain/XTGccElfNewlib/V3.1.0/R/bin/../lib/gcc/riscv64-unknown-elf/14.1.1/rv32emc/ilp32e\libgcc.a(divdf3.o)
 .rodata        0x1000452c      0x100 d:/C-Sky/CDKRepo/Toolchain/XTGccElfNewlib/V3.1.0/R/bin/../lib/gcc/riscv64-unknown-elf/14.1.1/rv32emc/ilp32e\libgcc.a(_clz.o)
                0x1000452c                __clz_tab
 *(.eh_frame*)
                0x1000462c                        __exidx_end = .

.rela.dyn       0x1000462c        0x0
 .rela.text.init
                0x1000462c        0x0 D:/AAwork_liuyuxiang/code/CP800X_SDKV1.0.7/SDK/sdk_CP800x_V108_20250627/sdk/components/libraries\libstartlib.a(E902_crt0.o)
 .rela.text.ram_init
                0x1000462c        0x0 D:/AAwork_liuyuxiang/code/CP800X_SDKV1.0.7/SDK/sdk_CP800x_V108_20250627/sdk/components/libraries\libstartlib.a(E902_crt0.o)
 .rela.data.__VECTOR_TABLE
                0x1000462c        0x0 D:/AAwork_liuyuxiang/code/CP800X_SDKV1.0.7/SDK/sdk_CP800x_V108_20250627/sdk/components/libraries\libstartlib.a(E902_crt0.o)
 .rela.text.ble_host_init
                0x1000462c        0x0 D:/AAwork_liuyuxiang/code/CP800X_SDKV1.0.7/SDK/sdk_CP800x_V108_20250627/sdk/components/libraries\libstartlib.a(E902_crt0.o)
 .rela.text.ll_conn_set_conn_buf
                0x1000462c        0x0 D:/AAwork_liuyuxiang/code/CP800X_SDKV1.0.7/SDK/sdk_CP800x_V108_20250627/sdk/components/libraries\libstartlib.a(E902_crt0.o)
 .rela.text.bt_att_set_att_info_buf
                0x1000462c        0x0 D:/AAwork_liuyuxiang/code/CP800X_SDKV1.0.7/SDK/sdk_CP800x_V108_20250627/sdk/components/libraries\libstartlib.a(E902_crt0.o)
 .rela.text.bt_att_tx_polling
                0x1000462c        0x0 D:/AAwork_liuyuxiang/code/CP800X_SDKV1.0.7/SDK/sdk_CP800x_V108_20250627/sdk/components/libraries\libstartlib.a(E902_crt0.o)
 .rela.text.bt_att_can_sleep
                0x1000462c        0x0 D:/AAwork_liuyuxiang/code/CP800X_SDKV1.0.7/SDK/sdk_CP800x_V108_20250627/sdk/components/libraries\libstartlib.a(E902_crt0.o)
 .rela.text.bt_conn_set_acl_conns_buf
                0x1000462c        0x0 D:/AAwork_liuyuxiang/code/CP800X_SDKV1.0.7/SDK/sdk_CP800x_V108_20250627/sdk/components/libraries\libstartlib.a(E902_crt0.o)
 .rela.text.bt_buf_init
                0x1000462c        0x0 D:/AAwork_liuyuxiang/code/CP800X_SDKV1.0.7/SDK/sdk_CP800x_V108_20250627/sdk/components/libraries\libstartlib.a(E902_crt0.o)
 .rela.text.bt_buf_init_ext
                0x1000462c        0x0 D:/AAwork_liuyuxiang/code/CP800X_SDKV1.0.7/SDK/sdk_CP800x_V108_20250627/sdk/components/libraries\libstartlib.a(E902_crt0.o)
 .rela.rodata.drv
                0x1000462c        0x0 D:/AAwork_liuyuxiang/code/CP800X_SDKV1.0.7/SDK/sdk_CP800x_V108_20250627/sdk/components/libraries\libstartlib.a(E902_crt0.o)
 .rela.text.bt_base_init
                0x1000462c        0x0 D:/AAwork_liuyuxiang/code/CP800X_SDKV1.0.7/SDK/sdk_CP800x_V108_20250627/sdk/components/libraries\libstartlib.a(E902_crt0.o)
 .rela.ram_code_section
                0x1000462c        0x0 D:/AAwork_liuyuxiang/code/CP800X_SDKV1.0.7/SDK/sdk_CP800x_V108_20250627/sdk/components/libraries\libstartlib.a(E902_crt0.o)
 .rela.text.RF_BT_Init
                0x1000462c        0x0 D:/AAwork_liuyuxiang/code/CP800X_SDKV1.0.7/SDK/sdk_CP800x_V108_20250627/sdk/components/libraries\libstartlib.a(E902_crt0.o)
 .rela.text.RADIO_Init
                0x1000462c        0x0 D:/AAwork_liuyuxiang/code/CP800X_SDKV1.0.7/SDK/sdk_CP800x_V108_20250627/sdk/components/libraries\libstartlib.a(E902_crt0.o)
 .rela.data.rf_common_desc_pll_on_3
                0x1000462c        0x0 D:/AAwork_liuyuxiang/code/CP800X_SDKV1.0.7/SDK/sdk_CP800x_V108_20250627/sdk/components/libraries\libstartlib.a(E902_crt0.o)
 .rela.data.rf_desc_dcoc_calib_rx_off
                0x1000462c        0x0 D:/AAwork_liuyuxiang/code/CP800X_SDKV1.0.7/SDK/sdk_CP800x_V108_20250627/sdk/components/libraries\libstartlib.a(E902_crt0.o)
 .rela.data.rf_desc_dcoc_calib_rx_on
                0x1000462c        0x0 D:/AAwork_liuyuxiang/code/CP800X_SDKV1.0.7/SDK/sdk_CP800x_V108_20250627/sdk/components/libraries\libstartlib.a(E902_crt0.o)
 .rela.text.bt_polling_work_ext
                0x1000462c        0x0 D:/AAwork_liuyuxiang/code/CP800X_SDKV1.0.7/SDK/sdk_CP800x_V108_20250627/sdk/components/libraries\libstartlib.a(E902_crt0.o)
 .rela.text.bt_conn_can_sleep_check
                0x1000462c        0x0 D:/AAwork_liuyuxiang/code/CP800X_SDKV1.0.7/SDK/sdk_CP800x_V108_20250627/sdk/components/libraries\libstartlib.a(E902_crt0.o)
 .rela.rodata   0x1000462c        0x0 D:/AAwork_liuyuxiang/code/CP800X_SDKV1.0.7/SDK/sdk_CP800x_V108_20250627/sdk/components/libraries\libstartlib.a(E902_crt0.o)

.copy.table     0x1000462c        0xc
                0x1000462c                        . = ALIGN (0x4)
                0x1000462c                        __copy_table_start__ = .
                0x1000462c        0x4 LONG 0x10004640 __etext
                0x10004630        0x4 LONG 0x20000a00 __data_start__
                0x10004634        0x4 LONG 0x6ca ((__data_end__ - __data_start__) / 0x4)
                0x10004638                        __copy_table_end__ = .

.zero.table     0x10004638        0x8
                0x10004638                        . = ALIGN (0x4)
                0x10004638                        __zero_table_start__ = .
                0x10004638        0x4 LONG 0x20002528 __bss_start__
                0x1000463c        0x4 LONG 0x293 ((__bss_end__ - __bss_start__) / 0x4)
                0x10004640                        __zero_table_end__ = .
                0x10004640                        __etext = ALIGN (0x4)

.data           0x20000a00     0x1b28 load address 0x10004640
                0x20000a00                        __data_start__ = .
 *(.vectors)
 *(.data)
 .data          0x20000a00       0xd1 C:\Users\ADMINI~1\AppData\Local\Temp\ccrioyea.ltrans0.ltrans.o
 *(.data.*)
 *fill*         0x20000ad1       0x2f 
 .data.__VECTOR_TABLE
                0x20000b00       0xc0 D:/AAwork_liuyuxiang/code/CP800X_SDKV1.0.7/SDK/sdk_CP800x_V108_20250627/sdk/components/libraries\libstartlib.a(E902_startup.o)
                0x20000b00                __VECTOR_TABLE
 .data.more_cr_regs
                0x20000bc0       0x14 D:/AAwork_liuyuxiang/code/CP800X_SDKV1.0.7/SDK/sdk_CP800x_V108_20250627/sdk/components/libraries/ble\libble.a(ble_api_ble_sleep_wakeup.o)
                0x20000bc0                more_cr_regs
 .data.uart_addr_idx_list
                0x20000bd4        0x8 D:/AAwork_liuyuxiang/code/CP800X_SDKV1.0.7/SDK/sdk_CP800x_V108_20250627/sdk/components/libraries/ble\libble.a(ble_api_ble_sleep_wakeup.o)
                0x20000bd4                uart_addr_idx_list
 .data.bdaddr   0x20000bdc        0x6 D:/AAwork_liuyuxiang/code/CP800X_SDKV1.0.7/SDK/sdk_CP800x_V108_20250627/sdk/components/libraries/ble\libble_base.a(v0_2_0_full_bt_init.o)
                0x20000bdc                bdaddr
 *fill*         0x20000be2        0x2 
 .data.bt_tmr_hdl
                0x20000be4        0x4 D:/AAwork_liuyuxiang/code/CP800X_SDKV1.0.7/SDK/sdk_CP800x_V108_20250627/sdk/components/libraries/ble\libble_base.a(t1001_t1001_bt.o)
                0x20000be4                bt_tmr_hdl
 .data.ll_sch_mgr_ptr
                0x20000be8        0x4 D:/AAwork_liuyuxiang/code/CP800X_SDKV1.0.7/SDK/sdk_CP800x_V108_20250627/sdk/components/libraries/ble\libble_base.a(t1001_t1001_bt.o)
                0x20000be8                ll_sch_mgr_ptr
 .data.rf_common_desc_mdm_txon_v0_2_0_ext
                0x20000bec       0x30 D:/AAwork_liuyuxiang/code/CP800X_SDKV1.0.7/SDK/sdk_CP800x_V108_20250627/sdk/components/libraries/ble\libble_base.a(t1001_t1001_bt.o)
                0x20000bec                rf_common_desc_mdm_txon_v0_2_0_ext
 .data.rf_common_desc_rf_tx_dac_off_ext
                0x20000c1c       0x10 D:/AAwork_liuyuxiang/code/CP800X_SDKV1.0.7/SDK/sdk_CP800x_V108_20250627/sdk/components/libraries/ble\libble_base.a(t1001_t1001_bt.o)
                0x20000c1c                rf_common_desc_rf_tx_dac_off_ext
 .data.rf_common_desc_rf_tx_pa_off_ext
                0x20000c2c        0x8 D:/AAwork_liuyuxiang/code/CP800X_SDKV1.0.7/SDK/sdk_CP800x_V108_20250627/sdk/components/libraries/ble\libble_base.a(t1001_t1001_bt.o)
                0x20000c2c                rf_common_desc_rf_tx_pa_off_ext
 .data.ble_tx_end
                0x20000c34        0x4 D:/AAwork_liuyuxiang/code/CP800X_SDKV1.0.7/SDK/sdk_CP800x_V108_20250627/sdk/components/libraries/ble\libble_base.a(t1001_t1001_radio.o)
                0x20000c34                ble_tx_end
 .data.dynamic_agc_ctrl_status
                0x20000c38        0x1 D:/AAwork_liuyuxiang/code/CP800X_SDKV1.0.7/SDK/sdk_CP800x_V108_20250627/sdk/components/libraries/ble\libble_base.a(t1001_t1002_chip_radio.o)
 *fill*         0x20000c39        0x3 
 .data.freq_cfg_val
                0x20000c3c       0xa0 D:/AAwork_liuyuxiang/code/CP800X_SDKV1.0.7/SDK/sdk_CP800x_V108_20250627/sdk/components/libraries/ble\libble_base.a(t1001_t1002_chip_radio.o)
                0x20000c3c                freq_cfg_val
 .data.g_lp     0x20000cdc        0x3 D:/AAwork_liuyuxiang/code/CP800X_SDKV1.0.7/SDK/sdk_CP800x_V108_20250627/sdk/components/libraries/ble\libble_base.a(t1001_t1002_chip_radio.o)
                0x20000cdc                g_lp
 *fill*         0x20000cdf        0x1 
 .data.rf_common_desc_pll_on_3
                0x20000ce0       0x50 D:/AAwork_liuyuxiang/code/CP800X_SDKV1.0.7/SDK/sdk_CP800x_V108_20250627/sdk/components/libraries/ble\libble_base.a(t1001_t1002_chip_radio.o)
                0x20000ce0                rf_common_desc_pll_on_3
 .data.rf_common_desc_rfpll_off
                0x20000d30       0x38 D:/AAwork_liuyuxiang/code/CP800X_SDKV1.0.7/SDK/sdk_CP800x_V108_20250627/sdk/components/libraries/ble\libble_base.a(t1001_t1002_chip_radio.o)
                0x20000d30                rf_common_desc_rfpll_off
 .data.rf_common_desc_rfrx_off
                0x20000d68       0x20 D:/AAwork_liuyuxiang/code/CP800X_SDKV1.0.7/SDK/sdk_CP800x_V108_20250627/sdk/components/libraries/ble\libble_base.a(t1001_t1002_chip_radio.o)
                0x20000d68                rf_common_desc_rfrx_off
 .data.rf_common_desc_rfrx_on
                0x20000d88       0x20 D:/AAwork_liuyuxiang/code/CP800X_SDKV1.0.7/SDK/sdk_CP800x_V108_20250627/sdk/components/libraries/ble\libble_base.a(t1001_t1002_chip_radio.o)
                0x20000d88                rf_common_desc_rfrx_on
 .data.rf_common_desc_rftx_off
                0x20000da8       0x20 D:/AAwork_liuyuxiang/code/CP800X_SDKV1.0.7/SDK/sdk_CP800x_V108_20250627/sdk/components/libraries/ble\libble_base.a(t1001_t1002_chip_radio.o)
                0x20000da8                rf_common_desc_rftx_off
 .data.rf_common_desc_rftx_on
                0x20000dc8       0x20 D:/AAwork_liuyuxiang/code/CP800X_SDKV1.0.7/SDK/sdk_CP800x_V108_20250627/sdk/components/libraries/ble\libble_base.a(t1001_t1002_chip_radio.o)
                0x20000dc8                rf_common_desc_rftx_on
 .data.rf_common_desc_rx_setfreq
                0x20000de8       0x98 D:/AAwork_liuyuxiang/code/CP800X_SDKV1.0.7/SDK/sdk_CP800x_V108_20250627/sdk/components/libraries/ble\libble_base.a(t1001_t1002_chip_radio.o)
                0x20000de8                rf_common_desc_rx_setfreq
 .data.rf_common_desc_tx_setfreq
                0x20000e80       0xa0 D:/AAwork_liuyuxiang/code/CP800X_SDKV1.0.7/SDK/sdk_CP800x_V108_20250627/sdk/components/libraries/ble\libble_base.a(t1001_t1002_chip_radio.o)
                0x20000e80                rf_common_desc_tx_setfreq
 .data.rf_wb_sat_th
                0x20000f20        0x1 D:/AAwork_liuyuxiang/code/CP800X_SDKV1.0.7/SDK/sdk_CP800x_V108_20250627/sdk/components/libraries/ble\libble_base.a(t1001_t1002_chip_radio.o)
 *fill*         0x20000f21        0x3 
 .data.rf_desc_dcoc_calib_rx_off
                0x20000f24       0x18 D:/AAwork_liuyuxiang/code/CP800X_SDKV1.0.7/SDK/sdk_CP800x_V108_20250627/sdk/components/libraries/ble\libble_base.a(t1001_t1002_dcoc_calib.o)
                0x20000f24                rf_desc_dcoc_calib_rx_off
 .data.rf_desc_dcoc_calib_rx_on
                0x20000f3c       0x38 D:/AAwork_liuyuxiang/code/CP800X_SDKV1.0.7/SDK/sdk_CP800x_V108_20250627/sdk/components/libraries/ble\libble_base.a(t1001_t1002_dcoc_calib.o)
                0x20000f3c                rf_desc_dcoc_calib_rx_on
 .data.cr_regs_addr_list
                0x20000f74       0x50 D:/AAwork_liuyuxiang/code/CP800X_SDKV1.0.7/SDK/sdk_CP800x_V108_20250627/sdk/components/libraries/ble\libble_base.a(t1001_t1001_sleep_cr.o)
                0x20000f74                cr_regs_addr_list
 .data.gpio_vdd_pin1
                0x20000fc4        0x1 D:/AAwork_liuyuxiang/code/CP800X_SDKV1.0.7/SDK/sdk_CP800x_V108_20250627/sdk/components/libraries/ble\libble_base.a(t1001_t1001_sleep_cr.o)
                0x20000fc4                gpio_vdd_pin1
 .data.gpio_vdd_pin2
                0x20000fc5        0x1 D:/AAwork_liuyuxiang/code/CP800X_SDKV1.0.7/SDK/sdk_CP800x_V108_20250627/sdk/components/libraries/ble\libble_base.a(t1001_t1001_sleep_cr.o)
                0x20000fc5                gpio_vdd_pin2
                0x20000fc8                        . = ALIGN (0x4)
 *fill*         0x20000fc6        0x2 
 *(.data.rf_common_desc_setfreq)
 *(.ram_code_section .ram_code_section.*)
 .ram_code_section
                0x20000fc8      0x2a2 C:\Users\ADMINI~1\AppData\Local\Temp\ccrioyea.ltrans0.ltrans.o
                0x200011a8                RADIO_DMA_Handler
                0x200011ea                RADIO_TICK_Handler
                0x2000122e                RTC_Handler
 .ram_code_section
                0x2000126a       0x9e D:/AAwork_liuyuxiang/code/CP800X_SDKV1.0.7/SDK/sdk_CP800x_V108_20250627/sdk/components/libraries\libstartlib.a(E902_startup.o)
                0x2000126a                poweron_unused_gpio_mask_parse_and_set
                0x200012ee                delay_ms
 .ram_code_section
                0x20001308        0xc D:/AAwork_liuyuxiang/code/CP800X_SDKV1.0.7/SDK/sdk_CP800x_V108_20250627/sdk/components/libraries/ble\libble.a(ble_t1001_it.o)
                0x20001308                rf_cali_period_temp
 .ram_code_section
                0x20001314       0xa6 D:/AAwork_liuyuxiang/code/CP800X_SDKV1.0.7/SDK/sdk_CP800x_V108_20250627/sdk/components/libraries/ble\libble.a(ble_t1001_vtimer.o)
                0x20001314                VTIMER_ClkCali_Trigger
                0x2000133c                VTIMER_ClkCali_Wait
 .ram_code_section
                0x200013ba      0x108 D:/AAwork_liuyuxiang/code/CP800X_SDKV1.0.7/SDK/sdk_CP800x_V108_20250627/sdk/components/libraries/ble\libble.a(ble_api_ble_sleep_wakeup.o)
                0x200013ba                qspi_regs_restore
                0x200013e2                gpio_regs_restore_before_rel_gpio_hold
                0x2000140c                Bt_SleepMode_Check
                0x20001426                flash_power_off
                0x2000143c                otp_powup
                0x20001496                otp_pwr_on
                0x200014b2                omw_dpslp_bf_slp
                0x200014b4                omw_dpslp_af_slp
 .ram_code_section
                0x200014c2        0xc D:/AAwork_liuyuxiang/code/CP800X_SDKV1.0.7/SDK/sdk_CP800x_V108_20250627/sdk/components/libraries/ble\libble_base.a(v0_2_0_full_bt_init.o)
                0x200014c2                RADIO_CommonDescInit_SetFreq
 .ram_code_section
                0x200014ce      0x148 D:/AAwork_liuyuxiang/code/CP800X_SDKV1.0.7/SDK/sdk_CP800x_V108_20250627/sdk/components/libraries/ble\libble_base.a(t1001_t1001_bt.o)
                0x200014ce                sys_timeout_tick_get_hook
                0x200014e0                ll_conn_process_wake_up_pre_chk
                0x2000150a                omw_cali_period_temp
                0x20001522                RF_BT_IRQHandler_RAM
                0x200015d4                bt_fast_chk_sleep
 .ram_code_section
                0x20001616      0x19c D:/AAwork_liuyuxiang/code/CP800X_SDKV1.0.7/SDK/sdk_CP800x_V108_20250627/sdk/components/libraries/ble\libble_base.a(t1001_t1001_radio.o)
                0x20001616                RADIO_DescInit_Freq
 .ram_code_section
                0x200017b2      0x5c6 D:/AAwork_liuyuxiang/code/CP800X_SDKV1.0.7/SDK/sdk_CP800x_V108_20250627/sdk/components/libraries/ble\libble_base.a(t1001_t1002_chip_radio.o)
                0x200018e8                _rf_kvco_read_y
                0x2000193c                trigger_gpadc_temp_sampling
                0x2000198e                start_await_dma
                0x200019ba                calc_hp_offset_at_curr_temp
                0x20001aac                RF_OnChip_Cfg_KVCO_Cal_val
                0x20001afe                RF_OnChip_Corner_Cal_Cfg
                0x20001b0a                RF_OnChip_DCOC_Cal_Bw_Cfg
                0x20001b20                RF_OnChip_DCOC_Cal_Cfg
                0x20001b74                RF_OnChip_RC_Cal_Cfg
                0x20001b76                RF_OnChip_KVCO_Cal_Cfg
                0x20001b78                RF_OnChip_Base_Init
                0x20001c3e                RF_OnChip_Cali_Cfg
                0x20001c4c                dynamic_agc_info_get2
 .ram_code_section
                0x20001d78       0x82 D:/AAwork_liuyuxiang/code/CP800X_SDKV1.0.7/SDK/sdk_CP800x_V108_20250627/sdk/components/libraries/ble\libble_base.a(t1001_t1002_rf_cal.o)
                0x20001d78                omw_rf_cal_apply_core
 .ram_code_section
                0x20001dfa      0x68e D:/AAwork_liuyuxiang/code/CP800X_SDKV1.0.7/SDK/sdk_CP800x_V108_20250627/sdk/components/libraries/ble\libble_base.a(t1001_t1001_sleep_cr.o)
                0x20001dfa                Check_PwrOn_OnBbDmaIrq_Before
                0x20001e32                Check_PwrOn_OnBbDmaIrq
                0x20001e7a                recover_bt_clk
                0x20001f2e                calc_and_set_sleep_dur
                0x20002088                System_Pwr_Cfg
                0x200020a2                t1001_sleep_restore_reg_info
                0x200020f2                Check_PwrOn_OtpFlash
                0x20002196                T1001_ChipSleepCriticalWork
                0x200023f8                omw_sleep_set_force_sleep
 .ram_code_section
                0x20002488       0x1c D:/AAwork_liuyuxiang/code/CP800X_SDKV1.0.7/SDK/sdk_CP800x_V108_20250627/sdk/components/libraries/ble\libble_base.a(host_hci_core.o)
                0x20002488                hci_core_sleep_check
 .ram_code_section
                0x200024a4       0x3a D:/AAwork_liuyuxiang/code/CP800X_SDKV1.0.7/SDK/sdk_CP800x_V108_20250627/sdk/components/libraries/ble\libble_base.a(controller_ll_conn.o)
                0x200024a4                ll_conn_is_connected_before_sleep
                0x200024ae                ll_conn_process_wake_up
 .ram_code_section
                0x200024de        0xe D:/AAwork_liuyuxiang/code/CP800X_SDKV1.0.7/SDK/sdk_CP800x_V108_20250627/sdk/components/libraries/ble\libble_base.a(controller_ll_adv.o)
                0x200024de                ll_adv_process_wake_up
 .ram_code_section
                0x200024ec       0x3c D:/AAwork_liuyuxiang/code/CP800X_SDKV1.0.7/SDK/sdk_CP800x_V108_20250627/sdk/components/libraries/ble\libble_base.a(hci_hci_driver.o)
                0x200024ec                Bt_Controller_SleepMode_Check
                0x20002528                        . = ALIGN (0x4)
                0x20002528                        __data_end__ = .

.bss            0x20002528      0xa4c load address 0x10006168
                0x20002528                        . = ALIGN (0x4)
                0x20002528                        __bss_start__ = .
 *(.bss)
 .bss           0x20002528      0x100 C:\Users\ADMINI~1\AppData\Local\Temp\ccrioyea.ltrans0.ltrans.o
 *(.bss.*)
 .bss.g_otp_cfg
                0x20002628       0x48 D:/AAwork_liuyuxiang/code/CP800X_SDKV1.0.7/SDK/sdk_CP800x_V108_20250627/sdk/components/libraries\libstartlib.a(E902_otp_cfg.o)
                0x20002628                g_otp_cfg
 .bss.VTIMER_Context
                0x20002670       0x20 D:/AAwork_liuyuxiang/code/CP800X_SDKV1.0.7/SDK/sdk_CP800x_V108_20250627/sdk/components/libraries/ble\libble.a(ble_t1001_vtimer.o)
                0x20002670                VTIMER_Context
 .bss.user_service_list
                0x20002690       0x20 D:/AAwork_liuyuxiang/code/CP800X_SDKV1.0.7/SDK/sdk_CP800x_V108_20250627/sdk/components/libraries/ble\libble.a(ble_api_blestack.o)
                0x20002690                user_service_list
 .bss.user_service_num
                0x200026b0        0x1 D:/AAwork_liuyuxiang/code/CP800X_SDKV1.0.7/SDK/sdk_CP800x_V108_20250627/sdk/components/libraries/ble\libble.a(ble_api_blestack.o)
                0x200026b0                user_service_num
 .bss.app_sleep_flag
                0x200026b1        0x1 D:/AAwork_liuyuxiang/code/CP800X_SDKV1.0.7/SDK/sdk_CP800x_V108_20250627/sdk/components/libraries/ble\libble.a(ble_api_ble_sleep_wakeup.o)
                0x200026b1                app_sleep_flag
 *fill*         0x200026b2        0x2 
 .bss.g_save_buf
                0x200026b4        0x4 D:/AAwork_liuyuxiang/code/CP800X_SDKV1.0.7/SDK/sdk_CP800x_V108_20250627/sdk/components/libraries/ble\libble.a(ble_api_ble_sleep_wakeup.o)
 .bss.sleep_wakeup_reason
                0x200026b8        0x4 D:/AAwork_liuyuxiang/code/CP800X_SDKV1.0.7/SDK/sdk_CP800x_V108_20250627/sdk/components/libraries/ble\libble.a(ble_api_ble_sleep_wakeup.o)
                0x200026b8                sleep_wakeup_reason
 .bss.uart0_save_buf
                0x200026bc        0x4 D:/AAwork_liuyuxiang/code/CP800X_SDKV1.0.7/SDK/sdk_CP800x_V108_20250627/sdk/components/libraries/ble\libble.a(ble_api_ble_sleep_wakeup.o)
 .bss.ll_conn_buf
                0x200026c0      0x218 D:/AAwork_liuyuxiang/code/CP800X_SDKV1.0.7/SDK/sdk_CP800x_V108_20250627/sdk/components/libraries/ble\libble.a(controller_ll_conn.o)
 .bss.att_info_buf
                0x200028d8       0x38 D:/AAwork_liuyuxiang/code/CP800X_SDKV1.0.7/SDK/sdk_CP800x_V108_20250627/sdk/components/libraries/ble\libble.a(host_att.o)
 .bss.acl_conns_buf
                0x20002910       0xe8 D:/AAwork_liuyuxiang/code/CP800X_SDKV1.0.7/SDK/sdk_CP800x_V108_20250627/sdk/components/libraries/ble\libble.a(host_conn.o)
 .bss.__dyn_ram
                0x200029f8      0x500 D:/AAwork_liuyuxiang/code/CP800X_SDKV1.0.7/SDK/sdk_CP800x_V108_20250627/sdk/components/libraries/ble\libble.a(lib_bt_init.o)
                0x200029f8                __dyn_ram
 .bss.ll_gap_time_1m
                0x20002ef8        0x2 D:/AAwork_liuyuxiang/code/CP800X_SDKV1.0.7/SDK/sdk_CP800x_V108_20250627/sdk/components/libraries/ble\libble_base.a(v0_2_0_full_bt_init.o)
                0x20002ef8                ll_gap_time_1m
 *fill*         0x20002efa        0x2 
 .bss.aon_tick.0
                0x20002efc        0x4 D:/AAwork_liuyuxiang/code/CP800X_SDKV1.0.7/SDK/sdk_CP800x_V108_20250627/sdk/components/libraries/ble\libble_base.a(t1001_t1002_chip_radio.o)
 .bss.cur_bw    0x20002f00        0x1 D:/AAwork_liuyuxiang/code/CP800X_SDKV1.0.7/SDK/sdk_CP800x_V108_20250627/sdk/components/libraries/ble\libble_base.a(t1001_t1002_chip_radio.o)
                0x20002f00                cur_bw
 *fill*         0x20002f01        0x3 
 .bss.g_hp      0x20002f04        0x9 D:/AAwork_liuyuxiang/code/CP800X_SDKV1.0.7/SDK/sdk_CP800x_V108_20250627/sdk/components/libraries/ble\libble_base.a(t1001_t1002_chip_radio.o)
                0x20002f04                g_hp
 *fill*         0x20002f0d        0x3 
 .bss.g_hp_offset
                0x20002f10        0x4 D:/AAwork_liuyuxiang/code/CP800X_SDKV1.0.7/SDK/sdk_CP800x_V108_20250627/sdk/components/libraries/ble\libble_base.a(t1001_t1002_chip_radio.o)
                0x20002f10                g_hp_offset
 .bss.is_add_rf_aon_adda_vc
                0x20002f14        0x1 D:/AAwork_liuyuxiang/code/CP800X_SDKV1.0.7/SDK/sdk_CP800x_V108_20250627/sdk/components/libraries/ble\libble_base.a(t1001_t1002_chip_radio.o)
 .bss.is_high_perf
                0x20002f15        0x1 D:/AAwork_liuyuxiang/code/CP800X_SDKV1.0.7/SDK/sdk_CP800x_V108_20250627/sdk/components/libraries/ble\libble_base.a(t1001_t1002_chip_radio.o)
                0x20002f15                is_high_perf
 *fill*         0x20002f16        0x2 
 .bss.g_rf_cfg  0x20002f18       0x20 D:/AAwork_liuyuxiang/code/CP800X_SDKV1.0.7/SDK/sdk_CP800x_V108_20250627/sdk/components/libraries/ble\libble_base.a(t1001_t1002_rf_cal.o)
                0x20002f18                g_rf_cfg
 .bss.clk_cal_tm_af_wakeup
                0x20002f38        0x4 D:/AAwork_liuyuxiang/code/CP800X_SDKV1.0.7/SDK/sdk_CP800x_V108_20250627/sdk/components/libraries/ble\libble_base.a(t1001_t1001_sleep_cr.o)
 .bss.clk_cal_tm_bf_sleep
                0x20002f3c        0x4 D:/AAwork_liuyuxiang/code/CP800X_SDKV1.0.7/SDK/sdk_CP800x_V108_20250627/sdk/components/libraries/ble\libble_base.a(t1001_t1001_sleep_cr.o)
 .bss.g_save_buf
                0x20002f40        0x4 D:/AAwork_liuyuxiang/code/CP800X_SDKV1.0.7/SDK/sdk_CP800x_V108_20250627/sdk/components/libraries/ble\libble_base.a(t1001_t1001_sleep_cr.o)
 .bss.gpio_regs_restore_before_rel_gpio_hold_ptr
                0x20002f44        0x4 D:/AAwork_liuyuxiang/code/CP800X_SDKV1.0.7/SDK/sdk_CP800x_V108_20250627/sdk/components/libraries/ble\libble_base.a(t1001_t1001_sleep_cr.o)
                0x20002f44                gpio_regs_restore_before_rel_gpio_hold_ptr
 .bss.is_bt_clk_en
                0x20002f48        0x1 D:/AAwork_liuyuxiang/code/CP800X_SDKV1.0.7/SDK/sdk_CP800x_V108_20250627/sdk/components/libraries/ble\libble_base.a(t1001_t1001_sleep_cr.o)
                0x20002f48                is_bt_clk_en
 .bss.is_vtimer_to
                0x20002f49        0x1 D:/AAwork_liuyuxiang/code/CP800X_SDKV1.0.7/SDK/sdk_CP800x_V108_20250627/sdk/components/libraries/ble\libble_base.a(t1001_t1001_sleep_cr.o)
                0x20002f49                is_vtimer_to
 .bss.need_pwr_on
                0x20002f4a        0x1 D:/AAwork_liuyuxiang/code/CP800X_SDKV1.0.7/SDK/sdk_CP800x_V108_20250627/sdk/components/libraries/ble\libble_base.a(t1001_t1001_sleep_cr.o)
                0x20002f4a                need_pwr_on
 *fill*         0x20002f4b        0x1 
 .bss.otp_init_ptr
                0x20002f4c        0x4 D:/AAwork_liuyuxiang/code/CP800X_SDKV1.0.7/SDK/sdk_CP800x_V108_20250627/sdk/components/libraries/ble\libble_base.a(t1001_t1001_sleep_cr.o)
                0x20002f4c                otp_init_ptr
 .bss.qspi_regs_restore_ptr
                0x20002f50        0x4 D:/AAwork_liuyuxiang/code/CP800X_SDKV1.0.7/SDK/sdk_CP800x_V108_20250627/sdk/components/libraries/ble\libble_base.a(t1001_t1001_sleep_cr.o)
                0x20002f50                qspi_regs_restore_ptr
 .bss.restore_more_ext_cr_regs
                0x20002f54        0x4 D:/AAwork_liuyuxiang/code/CP800X_SDKV1.0.7/SDK/sdk_CP800x_V108_20250627/sdk/components/libraries/ble\libble_base.a(t1001_t1001_sleep_cr.o)
                0x20002f54                restore_more_ext_cr_regs
 .bss.sleep_sync_rtc_cnt
                0x20002f58        0x4 D:/AAwork_liuyuxiang/code/CP800X_SDKV1.0.7/SDK/sdk_CP800x_V108_20250627/sdk/components/libraries/ble\libble_base.a(t1001_t1001_sleep_cr.o)